usage: main.py [-h] [-go GOAL] [-dev {cpu,cuda}] [-did DEVICE_ID]
               [-data DATASET] [-nb NUM_CLASSES] [-m MODEL] [-lbs BATCH_SIZE]
               [-lr LOCAL_LEARNING_RATE] [-ld LEARNING_RATE_DECAY]
               [-ldg LEARNING_RATE_DECAY_GAMMA] [-gr GLOBAL_ROUNDS]
               [-ls LOCAL_EPOCHS] [-algo ALGORITHM] [-jr JOIN_RATIO]
               [-rjr RANDOM_JOIN_RATIO] [-nc NUM_CLIENTS] [-pv PREV]
               [-t TIMES] [-eg EVAL_GAP] [-dp PRIVACY] [-dps DP_SIGMA]
               [-sfn SAVE_FOLDER_NAME] [-ab AUTO_BREAK] [-dlg DLG_EVAL]
               [-dlgg DLG_GAP] [-bnpc BATCH_NUM_PER_CLIENT]
               [-nnc NUM_NEW_CLIENTS] [-ften FINE_TUNING_EPOCH_NEW]
               [-cdr CLIENT_DROP_RATE] [-tsr TRAIN_SLOW_RATE]
               [-ssr SEND_SLOW_RATE] [-ts TIME_SELECT] [-tth TIME_THRETHOLD]
               [-bt BETA] [-lam LAMDA] [-mu MU] [-K K] [-lrp P_LEARNING_RATE]
               [-M M] [-itk ITK] [-alk ALPHAK] [-sg SIGMA] [-al ALPHA]
               [-pls PLOCAL_EPOCHS] [-tau TAU] [-fte FINE_TUNING_EPOCHS]
               [-dlr DR_LEARNING_RATE] [-L L] [-nd NOISE_DIM]
               [-glr GENERATOR_LEARNING_RATE] [-hd HIDDEN_DIM]
               [-se SERVER_EPOCHS] [-lf LOCALIZE_FEATURE_EXTRACTOR]
               [-slr SERVER_LEARNING_RATE] [-et ETA] [-s RAND_PERCENT]
               [-p LAYER_IDX] [-mlr MENTEE_LEARNING_RATE] [-Ts T_START]
               [-Te T_END] [-mo MOMENTUM] [-klw KL_WEIGHT]
               [-mfte MOE_FINE_TUNING_EPOCHS] [-tk TOPK] [-le LOCK_EXPERTS]
               [-moelr MOE_LR]
main.py: error: unrecognized arguments: -alpha 0
