
cuda is not avaiable.

==================================================
Algorithm: FedCP
Local batch size: 10
Local epochs: 1
Local learing rate: 0.005
Local learing rate decay: False
Total number of clients: 20
Clients join in each round: 1.0
Clients randomly join: False
Client drop rate: 0.0
Client select regarding time: False
Running times: 1
Dataset: CIFAR10
Number of classes: 64
Backbone: cnn
Using device: cpu
Using DP: False
Auto break: False
Global rounds: 3
DLG attack: False
Total number of new clients: 0
Fine tuning epoches on new clients: 0
==================================================

============= Running time: 0th =============
Creating server and clients ...
FedAvgCNN(
  (conv1): Sequential(
    (0): Conv2d(3, 32, kernel_size=(5, 5), stride=(1, 1))
    (1): ReLU(inplace=True)
    (2): MaxPool2d(kernel_size=(2, 2), stride=(2, 2), padding=0, dilation=1, ceil_mode=False)
  )
  (conv2): Sequential(
    (0): Conv2d(32, 64, kernel_size=(5, 5), stride=(1, 1))
    (1): ReLU(inplace=True)
    (2): MaxPool2d(kernel_size=(2, 2), stride=(2, 2), padding=0, dilation=1, ceil_mode=False)
  )
  (fc1): Linear(in_features=1600, out_features=512, bias=True)
  (fc): Linear(in_features=512, out_features=64, bias=True)
)

Join ratio / total clients: 1.0 / 20
Finished creating server and clients.

-------------Round number: 0-------------

Evaluate before local training
Averaged Test Accurancy: 0.0000
Averaged Test AUC: 0.3710
File path: ../results/CIFAR10_FedCP_test_0.h5
0.4994385639869092 0.012815448471112137
0.49982172191143037 0.011956412375443416
0.5071194255596971 0.015047516060421295
0.5040533673972133 0.013566311177283548
0.49961748388734195 0.012577606308469252
0.4997125147865508 0.012895034294504951
0.5013129725491152 0.012244946081430539
0.5017852501601588 0.013157508737357458
0.4999117708846227 0.01201810934426418
0.5005484193088902 0.012531321118303374
0.49945895574735794 0.012163855401266445
0.49842285315195717 0.012312165080925386
0.5026920536064332 0.013416602250502088
0.5014920949723797 0.01288401936915468
0.49946720477635576 0.01254503861621566
0.49895231439805154 0.01232646854185482
0.5014614685481747 0.012808945805079896
0.5014209133536157 0.013006803740606034
0.49973772093319574 0.01269212388378303
0.4990904416721694 0.012544885769333297
-------------------------------------------------- 246.92189979553223

-------------Round number: 1-------------

Evaluate before local training
Averaged Test Accurancy: 0.0898
Averaged Test AUC: 0.9260
File path: ../results/CIFAR10_FedCP_test_0.h5
0.5192287093945566 0.013665946269292548
0.5152139971572526 0.013082691765673574
0.5143786356355368 0.012666852936342031
0.5270207035541534 0.01657320182680479
0.5152214256223179 0.013321280515620447
0.518674284789213 0.013864042478528118
0.5155112215719725 0.012904694255802767
0.5337241311432565 0.01689374674536924
0.5188088730715289 0.01382325887300384
0.5180397908959613 0.013489903357564316
0.5166715715631776 0.013462453718620657
0.5139866658374277 0.012970229168758311
0.5238747069844147 0.015719443874490476
0.5226947592403034 0.015311531801244296
0.5211765072959238 0.014489633214201651
0.5296487519281572 0.01723075997530285
0.5211015338859251 0.014910313550807354
0.5221566709066858 0.014649099829986306
0.514203451485452 0.012987824828291857
0.511790843680501 0.012602144690683534
-------------------------------------------------- 239.6180567741394

-------------Round number: 2-------------

Evaluate before local training
Averaged Test Accurancy: 0.0894
Averaged Test AUC: 0.9355
File path: ../results/CIFAR10_FedCP_test_0.h5
0.5460499195468347 0.013620882595823412
0.5487563701733104 0.014127042998193102
0.5438900021610746 0.013324732631015827
0.5458098819565075 0.0130682943734805
0.5419639406541898 0.012957381938144398
0.5448132897515108 0.013533805420932054
0.5430145397314576 0.012607601925474696
0.5465222782304843 0.013232627056145991
0.5426186718796724 0.01274449183618879
0.5414357440165825 0.012967197135447663
0.5455942020834987 0.013369255851019958
0.5394501259964374 0.012789540868208321
0.5462480585098962 0.013228426781155309
0.5476694271657815 0.013707582359316368
0.5433300708021437 0.01334333408802332
0.5445588286909355 0.013362814320986741
0.5409437717514092 0.012600524778146485
0.547240056664713 0.013636021839160148
0.5432116239635568 0.012916560504579998
0.5411030541789734 0.01284653166939667
-------------------------------------------------- 244.3984603881836

-------------Round number: 3-------------

Evaluate before local training
Averaged Test Accurancy: 0.0905
Averaged Test AUC: 0.9351
File path: ../results/CIFAR10_FedCP_test_0.h5
0.5574772876159401 0.012335404232584283
0.5580142119923375 0.012428846657327443
0.5571382860846931 0.012587182655155843
0.5579816651265352 0.012652712405323271
0.5566547920208166 0.012290498781879612
0.5563430083047657 0.0122575962448037
0.5570204174832294 0.012072841098496994
0.556095097379552 0.01226699223341252
0.5564661468237133 0.012214366230603246
0.5565880325877613 0.012198153067624205
0.5577781143584682 0.012154736709523412
0.5571112716924332 0.012179097287359697
0.5585720600304257 0.012231530939750539
0.5573775382580296 0.012256382928708797
0.558170440026692 0.012191483227545366
0.5567382019434015 0.01281291096615065
0.55566354958003 0.012185649781196779
0.5581745349427559 0.012451793984051078
0.5554999780788851 0.012161582909208902
0.5576727967719509 0.012442704689970486
-------------------------------------------------- 244.94945788383484

Best global accuracy.
0.0905

Average time cost per round.
242.98865834871927

Average time cost: 998.72s.

if the model file saved, please concern this result:
Length:  4
std for best accurancy: 0.0
mean for best accurancy: 0.0905
All done!

Storage on cpu
-------------------------------------------------------------------------------
Total Tensors: 230215680 	Used Memory: 534.83M
-------------------------------------------------------------------------------
