
cuda is not avaiable.

==================================================
Algorithm: FedPer
Local batch size: 10
Local epochs: 1
Local learing rate: 0.005
Local learing rate decay: False
Total number of clients: 20
Clients join in each round: 1.0
Clients randomly join: False
Client drop rate: 0.0
Client select regarding time: False
Running times: 1
Dataset: CIFAR10
Number of classes: 64
Backbone: cnn
Using device: cpu
Using DP: False
Auto break: False
Global rounds: 1
DLG attack: False
Total number of new clients: 0
Fine tuning epoches on new clients: 0
==================================================

============= Running time: 0th =============
Creating server and clients ...
FedAvgCNN(
  (conv1): Sequential(
    (0): Conv2d(3, 32, kernel_size=(5, 5), stride=(1, 1))
    (1): ReLU(inplace=True)
    (2): MaxPool2d(kernel_size=(2, 2), stride=(2, 2), padding=0, dilation=1, ceil_mode=False)
  )
  (conv2): Sequential(
    (0): Conv2d(32, 64, kernel_size=(5, 5), stride=(1, 1))
    (1): ReLU(inplace=True)
    (2): MaxPool2d(kernel_size=(2, 2), stride=(2, 2), padding=0, dilation=1, ceil_mode=False)
  )
  (fc): Linear(in_features=512, out_features=64, bias=True)
)

Join ratio / total clients: 1.0 / 20
Finished creating server and clients.

-------------Round number: 0-------------

Evaluate personalized models
Traceback (most recent call last):
  File "/content/drive/MyDrive/Colab Notebooks/uni-project/PM-MOE-clean/system/main.py", line 638, in <module>
    run(args)
  File "/content/drive/MyDrive/Colab Notebooks/uni-project/PM-MOE-clean/system/main.py", line 464, in run
    server.train()
  File "/content/drive/MyDrive/Colab Notebooks/uni-project/PM-MOE-clean/system/flcore/servers/serverper.py", line 50, in train
    self.evaluate()
  File "/content/drive/MyDrive/Colab Notebooks/uni-project/PM-MOE-clean/system/flcore/servers/serverbase.py", line 264, in evaluate
    stats = self.test_metrics()
            ^^^^^^^^^^^^^^^^^^^
  File "/content/drive/MyDrive/Colab Notebooks/uni-project/PM-MOE-clean/system/flcore/servers/serverbase.py", line 238, in test_metrics
    ct, ns, auc = c.test_metrics()
                  ^^^^^^^^^^^^^^^^
  File "/content/drive/MyDrive/Colab Notebooks/uni-project/PM-MOE-clean/system/flcore/clients/clientbase.py", line 137, in test_metrics
    output = self.model(x)
             ^^^^^^^^^^^^^
  File "/usr/local/lib/python3.12/dist-packages/torch/nn/modules/module.py", line 1773, in _wrapped_call_impl
    return self._call_impl(*args, **kwargs)
           ^^^^^^^^^^^^^^^^^^^^^^^^^^^^^^^^
  File "/usr/local/lib/python3.12/dist-packages/torch/nn/modules/module.py", line 1784, in _call_impl
    return forward_call(*args, **kwargs)
           ^^^^^^^^^^^^^^^^^^^^^^^^^^^^^
  File "/content/drive/MyDrive/Colab Notebooks/uni-project/PM-MOE-clean/system/flcore/trainmodel/models.py", line 33, in forward
    out = self.base(x)
          ^^^^^^^^^^^^
  File "/usr/local/lib/python3.12/dist-packages/torch/nn/modules/module.py", line 1773, in _wrapped_call_impl
    return self._call_impl(*args, **kwargs)
           ^^^^^^^^^^^^^^^^^^^^^^^^^^^^^^^^
  File "/usr/local/lib/python3.12/dist-packages/torch/nn/modules/module.py", line 1784, in _call_impl
    return forward_call(*args, **kwargs)
           ^^^^^^^^^^^^^^^^^^^^^^^^^^^^^
  File "/content/drive/MyDrive/Colab Notebooks/uni-project/PM-MOE-clean/system/flcore/trainmodel/models.py", line 210, in forward
    out = self.fc1(out)  # ([10, 512])
          ^^^^^^^^
  File "/usr/local/lib/python3.12/dist-packages/torch/nn/modules/module.py", line 1962, in __getattr__
    raise AttributeError(
AttributeError: 'FedAvgCNN' object has no attribute 'fc1'. Did you mean: 'fc'?
