
============= Running time: 0th =============
Creating server and clients ...
FedAvgCNN(
  (conv1): Sequential(
    (0): Conv2d(3, 32, kernel_size=(5, 5), stride=(1, 1))
    (1): ReLU(inplace=True)
    (2): MaxPool2d(kernel_size=(2, 2), stride=(2, 2), padding=0, dilation=1, ceil_mode=False)
  )
  (conv2): Sequential(
    (0): Conv2d(32, 64, kernel_size=(5, 5), stride=(1, 1))
    (1): ReLU(inplace=True)
    (2): MaxPool2d(kernel_size=(2, 2), stride=(2, 2), padding=0, dilation=1, ceil_mode=False)
  )
  (fc1): Linear(in_features=1600, out_features=512, bias=True)
  (fc): Linear(in_features=512, out_features=10, bias=True)
)

Join ratio / total clients: 1.0 / 20
Finished creating server and clients.

-------------Round number: 0-------------

Evaluate before local training
Averaged Test Accurancy: 0.1008
Averaged Test AUC: 0.4938
File path: ../results/CIFAR10_FedCP_test_0.h5
0.5056180013833862 0.012130108391353776
0.5061642952645437 0.012226301853035994
0.5060909487760793 0.0122148274889774
0.5058247190655062 0.011919548286124841
0.5056854164442763 0.012372704036253072
0.50545906714904 0.012283606220359846
0.5056166521703395 0.012190212260118467
0.5059526827640067 0.012420047357538709
0.5060763268564374 0.012450221959160903
0.5063222132933637 0.012312792147347401
0.5056297696935825 0.012174069226007457
0.5058609746420422 0.012454113963063097
0.5058063626743089 0.012452326186801635
0.5057288829762584 0.012208718030823731
0.5060136446753811 0.012456650875099983
0.5061665648766058 0.012284894869381332
0.5054030229803175 0.012567715493227041
0.505836398495982 0.012200952454990237
0.5061651928804051 0.012558812508207033
0.5053769200682067 0.012284590716634932
-------------------------------------------------- 61.41167092323303

-------------Round number: 1-------------

Evaluate before local training
Averaged Test Accurancy: 0.1019
Averaged Test AUC: 0.5026
File path: ../results/CIFAR10_FedCP_test_0.h5
0.5052935061379312 0.012269851065888415
0.5052254931437538 0.012229135941520962
0.5051362517122657 0.012385892161015124
0.5055748621295941 0.012211035901225173
0.5053696249826596 0.012673429856564023
0.5056693928125195 0.012108962035548924
0.5051891174382315 0.012453358529965495
0.5052316312630398 0.01263620068613181
0.5054471066269355 0.012276395269604173
0.5055840986927873 0.012836612974778054
0.5055817016519797 0.012657176505671231
0.5049460433962706 0.012367967671485033
0.5050035847040514 0.012155065153308699
0.5053930146715198 0.011934606829853268
0.5051564331485057 0.012116241801078412
0.5052996792902167 0.012340576543901085
0.5055788814400634 0.012388907175343748
0.5053994389107594 0.012210108239561021
0.505129110509864 0.012630852815268283
0.5049636445772381 0.012346300820863626
-------------------------------------------------- 60.47760033607483

-------------Round number: 2-------------

Evaluate before local training
Averaged Test Accurancy: 0.1063
Averaged Test AUC: 0.5122
File path: ../results/CIFAR10_FedCP_test_0.h5
0.5054053735728257 0.01267165219876486
0.5054321364045907 0.01246754736374844
0.5053690170599637 0.012517083864451384
0.5055150905003151 0.012129952289519462
0.5057690597727502 0.012355604958595886
0.5055782620627911 0.012614961075078928
0.5052305419380084 0.01218169760342337
0.5052242497913539 0.012396923574027257
0.5053963959217072 0.01193952929364594
0.5052528221552309 0.01240650054874093
0.5055775800958658 0.012664321164081116
0.5053577835862644 0.01237889102771794
0.5054927458747839 0.012183216891521274
0.5054517586428958 0.012493446708642417
0.5047699681316049 0.012144430022201442
0.5048826283011107 0.012292046949418597
0.5056074581746208 0.012082909619975657
0.5050294426842951 0.012141658833207458
0.5051565345523781 0.012596892576034337
0.5058400905452286 0.012170291212529086
-------------------------------------------------- 70.45467805862427

-------------Round number: 3-------------

Evaluate before local training
Averaged Test Accurancy: 0.1127
Averaged Test AUC: 0.5222
File path: ../results/CIFAR10_FedCP_test_0.h5
0.5051418464177121 0.012392304329119825
0.5049817145704046 0.012340884657563136
0.5054445802846825 0.01254885510554686
0.5051282366835758 0.012330666119582416
0.5057716236258738 0.012195016030451974
0.5048941153770264 0.012550167797240983
0.5052043640126402 0.012625994092631437
0.5052054778744395 0.01225060033450014
0.5053444792134448 0.012425450369182077
0.5053951009176672 0.012463007683839079
0.505700046566721 0.012526103974181423
0.5051532263676517 0.012288146672194734
0.5050775044812605 0.012137528276156148
0.505679524540411 0.012501150330678796
0.5058141817959646 0.012207773146393904
0.5059900928455858 0.012368184791045246
0.5055239584583503 0.012396728673029798
0.5054533266080304 0.012577553074841805
0.5050738119902328 0.012292042734641637
0.5056883713158851 0.012371038961576897
-------------------------------------------------- 60.210792779922485

-------------Round number: 4-------------

Evaluate before local training
Averaged Test Accurancy: 0.1210
Averaged Test AUC: 0.5324
File path: ../results/CIFAR10_FedCP_test_0.h5
0.5052073383948913 0.012438075517450714
0.5055032279342413 0.012318989160566902
0.5055881344044629 0.012335216500206098
0.5048267208775016 0.012286262853830464
0.505687956041537 0.012483460619022639
0.5055896244728222 0.01249198803771058
0.5050574235307673 0.012266946777372386
0.5056341319607619 0.012160595420214965
0.5053548287743559 0.012062242536687489
0.5055291081876739 0.012428455450845031
0.5054520528453091 0.012179586818707183
0.5055900209057981 0.012582494367450788
0.5055898259847592 0.01242691780535693
0.5051705997246199 0.012327608262434222
0.5053566386087391 0.01187046366721409
0.5052360582571381 0.012301045607523202
0.5055328081242549 0.012029886353192026
0.5056304782032012 0.012230156359006336
0.5055585741543044 0.01246262204457536
0.5052616199797118 0.012260881714239936
-------------------------------------------------- 58.71061563491821

-------------Round number: 5-------------

Evaluate before local training
Averaged Test Accurancy: 0.1227
Averaged Test AUC: 0.5416
File path: ../results/CIFAR10_FedCP_test_0.h5
0.5055299768319879 0.012259537354685717
0.5055639539988568 0.012372226936271848
0.5058144394260569 0.01244054286907107
0.505262719383702 0.012088632165206618
0.5054640339711975 0.012083533776511873
0.5054939587672169 0.012246438257105885
0.5056401419047362 0.012161336149926642
0.5054582589640259 0.01217307924887698
0.5052308465819806 0.012224590136683169
0.5055947166342193 0.01255939871040769
0.5057457996389041 0.012387693926522975
0.5053051849349569 0.012422238323004863
0.5053476870704728 0.012305648123895447
0.5054351906537226 0.012298367820313579
0.5056188415711451 0.012200041558254434
0.5055653202519017 0.012207616065886339
0.5053035830959487 0.012306750010069416
0.5053089054731222 0.01229659259970003
0.5057576005347073 0.012288110073187107
0.5051683496731596 0.012291376908301272
-------------------------------------------------- 59.97687888145447

-------------Round number: 6-------------

Evaluate before local training
Averaged Test Accurancy: 0.1249
Averaged Test AUC: 0.5503
File path: ../results/CIFAR10_FedCP_test_0.h5
0.5054353732520189 0.012470373835764803
0.5060017206109105 0.0124359401558641
0.5052588369182655 0.012119714101924103
0.5057720132410909 0.012067954310974401
0.5053490416194575 0.012329163365606178
0.5054232950297821 0.012183135375700802
0.5052037325281745 0.012316393672100974
0.5054763801969014 0.012069781110402097
0.5056324005249495 0.012246518392433023
0.5055163144372786 0.01253857260625512
0.5058301587000882 0.012258298056507558
0.5054751864324013 0.012009887697051835
0.5055114994279276 0.012616786185808524
0.5054661281024798 0.012136901225242065
0.5052504036217355 0.012125593359527086
0.505616319210579 0.01208503379407075
0.5052242715303835 0.01217127301595728
0.5055569313251629 0.012065350244472216
0.5056394536931736 0.012607795894674962
0.505133381495491 0.012439566916497901
-------------------------------------------------- 58.382705211639404

-------------Round number: 7-------------

Evaluate before local training
Averaged Test Accurancy: 0.1247
Averaged Test AUC: 0.5584
File path: ../results/CIFAR10_FedCP_test_0.h5
0.5054663829505444 0.012189176116504767
0.5057606936898082 0.012302902273509194
0.5059653346856626 0.01258626190045372
0.5055188171278971 0.01246745574655171
0.505141096165738 0.012345830943352022
0.505504075700465 0.012483088114757632
0.5054757252502708 0.012070664424982256
0.505870493594557 0.01246123659465338
0.5056688962384868 0.012209452733668457
0.5056702496827041 0.012176308820628742
0.5055812613572925 0.012485974913265021
0.505454488337422 0.01253248607694892
0.5052297267646185 0.012217941086100132
0.5053389329725925 0.0123758601143667
0.505862413893621 0.012243439856913032
0.5054090271274058 0.012342936754645087
0.5058160935265895 0.012049083529315652
0.5058945776321567 0.012366253161242286
0.5057292433622746 0.012648311302972512
0.5060540366868832 0.012198892456055824
-------------------------------------------------- 58.949939489364624

-------------Round number: 8-------------

Evaluate before local training
Averaged Test Accurancy: 0.1279
Averaged Test AUC: 0.5656
File path: ../results/CIFAR10_FedCP_test_0.h5
0.5055290788265043 0.012083745531943451
0.5058783172176052 0.012521683480205397
0.5058729990194433 0.012562865450546813
0.505974370544442 0.012649800133501853
0.5052183815278113 0.01221854136475397
0.5055554804081718 0.012348762067971655
0.5062113018632916 0.012462492684203708
0.5055655783687073 0.01227062648268957
0.5054344507292486 0.012277283519859523
0.5048432670748577 0.012002247454210899
0.5055880365200723 0.012349458829058422
0.5054877563140904 0.012349640612474124
0.5055797228780694 0.012555614262245378
0.505903832675693 0.012368984580668057
0.5055167052106788 0.012223002546390234
0.5056998995610346 0.012384981450612476
0.505305201245042 0.012101073476710883
0.5059911794482898 0.012297483742167235
0.5055848175826936 0.012299445399419202
0.5058541651937718 0.01265142106305047
-------------------------------------------------- 57.6066198348999

-------------Round number: 9-------------

Evaluate before local training
Averaged Test Accurancy: 0.1337
Averaged Test AUC: 0.5722
File path: ../results/CIFAR10_FedCP_test_0.h5
0.5057779325363345 0.012320512759354571
0.5055380085339913 0.012373643051569082
0.5054661229767493 0.012272773027362687
0.5056490040240953 0.012271120508398223
0.505720597703774 0.012406040606175617
0.5057541118003428 0.01233385607392916
0.5057283109412171 0.01238743694257159
0.5057215033910978 0.012142895960788767
0.5058049366045265 0.012345016770744623
0.505609308453038 0.011934826992556213
0.5056971630179569 0.012444342693329396
0.5058747235422906 0.012134258360768408
0.5059668764066046 0.012585698436375239
0.5059039393979076 0.012302994707458733
0.5056569392817389 0.01233113026079573
0.5052613498499761 0.012277597069143139
0.5058360248207091 0.01224897732245859
0.5052443430281411 0.012520487512124263
0.5056425925270703 0.0124244394089588
0.5059921297196968 0.012287399277960433
-------------------------------------------------- 58.978352785110474

-------------Round number: 10-------------

Evaluate before local training
Averaged Test Accurancy: 0.1395
Averaged Test AUC: 0.5786
File path: ../results/CIFAR10_FedCP_test_0.h5
0.5053354804649165 0.0122780078416284
0.5057803611509885 0.012483928592622897
0.5052101860204951 0.012072490284281388
0.5057473062083889 0.012303969639462219
0.5055034319297053 0.012041579969574988
0.5058085921490075 0.012126795550606008
0.5058905455307701 0.011952751135071615
0.5056371057812029 0.012347596171581841
0.5054094714876742 0.012275698656472017
0.5057951915316666 0.01199007044915681
0.5054533786068742 0.012328005884265305
0.5060581781190673 0.012703873817334156
0.5056163908030169 0.012399555244997137
0.5056898613603642 0.012424453069622456
0.5057423979593202 0.011919125833940176
0.506078598029816 0.012116149185285184
0.5057485750631282 0.012398636090862664
0.5060050656626883 0.012599305856374886
0.505675525082132 0.012300872154480754
0.5055797046814592 0.012334292576962592
-------------------------------------------------- 57.488970041275024

-------------Round number: 11-------------

Evaluate before local training
Averaged Test Accurancy: 0.1443
Averaged Test AUC: 0.5849
File path: ../results/CIFAR10_FedCP_test_0.h5
0.5060062245955985 0.012419678034004946
0.5063804546609904 0.012205197590040438
0.5058371995169765 0.012069851361769204
0.5058537811947692 0.012199958240984753
0.5058443888138311 0.012335617642706525
0.5056704233328884 0.012714018387693081
0.50585562383565 0.012127575413254526
0.5058657316347728 0.012494996769448147
0.5057409841161317 0.01257554640467961
0.5053340915638285 0.01221356338119871
0.5061293727097412 0.01239838572278057
0.5054946636112455 0.012107121735279799
0.5056508259087997 0.012703060781810693
0.5062680460679798 0.01238710078240586
0.5057755824512778 0.012421075137709858
0.5056578513975136 0.012575566103341977
0.5058826212526152 0.01221608246583639
0.5057513867014725 0.012084562345530946
0.5060880791324263 0.012390624496158721
0.5060241811861022 0.012572336455630847
-------------------------------------------------- 59.755043506622314

-------------Round number: 12-------------

Evaluate before local training
Averaged Test Accurancy: 0.1471
Averaged Test AUC: 0.5915
File path: ../results/CIFAR10_FedCP_test_0.h5
0.5057715043352035 0.01236830409412712
0.5057406419147856 0.012252481342447153
0.5060362141125668 0.012416791896130484
0.5054840532083733 0.012261241307043048
0.5061008853312486 0.012190362067215844
0.5056495320959351 0.012496859663826604
0.5059281826401368 0.012125630728945156
0.5056686096538144 0.012174603688403599
0.5060838833941441 0.012366879482548034
0.5051848295574578 0.012385183843322585
0.5055892510005296 0.012449065178373549
0.5059018560852377 0.012315770587574493
0.5058163976370308 0.012479347274672434
0.5059955402056834 0.012153614295185229
0.5054467780849873 0.012296515003993673
0.5057760345486876 0.012496387896619509
0.5062487734219011 0.0123780614974901
0.5058254432649567 0.012181784597179892
0.5061422341478694 0.012026524101002894
0.5055379746839977 0.01241010127516165
-------------------------------------------------- 59.07403540611267

-------------Round number: 13-------------

Evaluate before local training
Averaged Test Accurancy: 0.1479
Averaged Test AUC: 0.5986
File path: ../results/CIFAR10_FedCP_test_0.h5
0.5060719716099974 0.01209111727407473
0.5055468860918131 0.012240449253472221
0.5064682603742068 0.012111805825105388
0.5057492349174266 0.012313003116445865
0.5061382103686858 0.012479753865094846
0.5056028736468691 0.012243418740914211
0.5058724149497912 0.01241565042199095
0.5059200963602425 0.012413565332360222
0.5061874572359222 0.012254763572869988
0.5066935571674736 0.012317514110842762
0.5055629682894318 0.012336476437048839
0.50574784556356 0.012370281039221546
0.5057586577052299 0.0122366385524282
0.5057080620899796 0.01218193056256212
0.5055983279449626 0.012274037230834135
0.5056978351532075 0.012376409071219754
0.5060556778111137 0.01239174714675013
0.5058761619103069 0.012367745084203368
0.5057399759044576 0.0119995809090915
0.5060421473298891 0.012011635075629214
-------------------------------------------------- 57.69367575645447

-------------Round number: 14-------------

Evaluate before local training
Averaged Test Accurancy: 0.1500
Averaged Test AUC: 0.6062
File path: ../results/CIFAR10_FedCP_test_0.h5
0.5060408156102475 0.012456597868874238
0.5058514691101244 0.012113876427583813
0.505825761705637 0.012319053154842287
0.5057314507281169 0.012338398464002058
0.5062613731059127 0.012242991307370846
0.5058448367322294 0.012362552692495522
0.5058853871826279 0.012279232920607987
0.5061451411732522 0.012412871100772781
0.5059413497025768 0.0125409603650566
0.5059684981974081 0.011820535045426522
0.5059499304349485 0.012117317459060504
0.5060080972647196 0.012071699058739144
0.506051994382571 0.012547664483239015
0.5056408114779072 0.012410693709925513
0.5062687557238417 0.012317833578430663
0.5057470587631449 0.01267642926937848
0.5061264785173802 0.012244358301720465
0.5054589441217678 0.012321181689176505
0.5057316480610424 0.012356102127581427
0.5060568046278487 0.012694569236091462
-------------------------------------------------- 58.68654441833496

-------------Round number: 15-------------

Evaluate before local training
Averaged Test Accurancy: 0.1552
Averaged Test AUC: 0.6148
File path: ../results/CIFAR10_FedCP_test_0.h5
0.5059009258611462 0.012071793991746623
0.5059498214089361 0.012473068789978883
0.5060732818796838 0.012277743095189711
0.5057645238434466 0.012468470475755191
0.5059236802805501 0.01234246567683468
0.5060036890447522 0.012285024656713123
0.5061874139027145 0.012131255065227659
0.5054872085854999 0.012453507721177363
0.5056145620213723 0.012208062365829126
0.5060995140662178 0.012282177962830747
0.5061552952736234 0.012734253373728898
0.505860059737013 0.012505988712996338
0.5063923842703494 0.012373629678107227
0.5066676617313463 0.012366910368898849
0.5059552841672772 0.012215569984053501
0.5057876492993763 0.012498007305456853
0.5058642030598071 0.012126127512338086
0.5061644149514345 0.012230811182683616
0.5058435876614963 0.012139324784588235
0.5059047520924838 0.01250980355916033
-------------------------------------------------- 57.9909610748291

-------------Round number: 16-------------

Evaluate before local training
Averaged Test Accurancy: 0.1593
Averaged Test AUC: 0.6237
File path: ../results/CIFAR10_FedCP_test_0.h5
0.5063733886449765 0.012541984251357384
0.5058623805212287 0.01224330480782791
0.5063944950055045 0.01227951011692957
0.5059935899260335 0.012525862976697541
0.506154434958425 0.012501196575683193
0.5060007313075356 0.012252438000524288
0.5060781532726986 0.012546899958867838
0.5064134643389246 0.012576055674967883
0.5062631569587841 0.012359978092218659
0.5058951739054651 0.012098697912635079
0.5062071714932338 0.012480220501326324
0.5059378401033188 0.012448170522187075
0.5061034964593617 0.012058984821577275
0.5059512794638673 0.012435526890899575
0.5061918575292788 0.01217602321337628
0.5062524053194609 0.012592920212156643
0.5063573744697257 0.01195165693980153
0.506204779427021 0.012192449601255187
0.5065633185992116 0.012433361038288676
0.5065198589880497 0.01229747493109221
-------------------------------------------------- 59.00473141670227

-------------Round number: 17-------------

Evaluate before local training
Averaged Test Accurancy: 0.1651
Averaged Test AUC: 0.6323
File path: ../results/CIFAR10_FedCP_test_0.h5
0.5061823376944583 0.012675266920543602
0.5061491889974628 0.012593777376853781
0.5063705901878003 0.012146830275837133
0.506232706280664 0.012274610627128509
0.5067890402025137 0.012617220782601137
0.5061848031309171 0.012434312399517745
0.5064883163342109 0.012278648023667835
0.5063141489303425 0.01229932105134718
0.505912834050086 0.012497967907280728
0.5062671656426239 0.012104092479826006
0.5063945966271254 0.012258412191832503
0.5066257669256092 0.012404573791834185
0.5063905119179533 0.011987750564489173
0.5061298737326931 0.012415147996782564
0.5064758279910072 0.012407505019299655
0.5064578056454849 0.012161001809690281
0.5066867833711991 0.012534993043668256
0.5061803835635192 0.012742485545513832
0.5064438764746182 0.01221824684029479
0.506501788739115 0.01249830336618129
-------------------------------------------------- 57.19306206703186

-------------Round number: 18-------------

Evaluate before local training
Averaged Test Accurancy: 0.1688
Averaged Test AUC: 0.6418
File path: ../results/CIFAR10_FedCP_test_0.h5
0.5064400833768722 0.012504434622183454
0.506106313628455 0.012095175585057696
0.5064273187277937 0.01221362617366779
0.5065160692573931 0.012217645230763127
0.5062661945060092 0.012694656493380077
0.5063623747286888 0.012208130393945225
0.506356881883664 0.012129372267184968
0.5061923355485002 0.012562425103381786
0.5068071964913263 0.012553145016161879
0.5060271875761253 0.012345342835299481
0.5061325026819339 0.012079893418508358
0.5063750914608439 0.012285398593875431
0.5067715837070957 0.012397610356203435
0.5059500189307027 0.012321290974027043
0.5063567656593827 0.01215800155774946
0.5062573942809533 0.012466279095712456
0.5060767926471798 0.012297315133677449
0.5066055928258911 0.012313361508857121
0.5063100456475065 0.01210635831221911
0.5060988772206773 0.012628241413866046
-------------------------------------------------- 58.55288910865784

-------------Round number: 19-------------

Evaluate before local training
Averaged Test Accurancy: 0.1728
Averaged Test AUC: 0.6509
File path: ../results/CIFAR10_FedCP_test_0.h5
0.5063983526391288 0.012233916874973357
0.506591167121839 0.012357305484715603
0.5064430481656209 0.012506208033785961
0.5068605763789935 0.012208923910522525
0.5061473345359493 0.012593932272741288
0.5063792805139644 0.01209727563570007
0.5065709428592143 0.012083579431151494
0.5067025164667612 0.012093540152464818
0.5063150785744 0.012169440327100076
0.5065834203146791 0.012314065356560546
0.506290943075258 0.012481147573818848
0.5061388242488297 0.012382944964458445
0.5063293558569291 0.012275671790297094
0.5065200304946839 0.012343746928430164
0.5064821271703411 0.011958506035157001
0.5061206237102548 0.012076483883748764
0.5063167488894974 0.012242928875347447
0.5068401717103254 0.012282063606564302
0.5060973877493197 0.012545629580497522
0.5060548667281278 0.01237434417775882
-------------------------------------------------- 57.82941246032715

-------------Round number: 20-------------

Evaluate before local training
Averaged Test Accurancy: 0.1776
Averaged Test AUC: 0.6604
File path: ../results/CIFAR10_FedCP_test_0.h5
0.5065999667590054 0.012493890880035226
0.5064244464350244 0.0123145112389143
0.5060938962806876 0.01267595953218076
0.5061990646645427 0.012054430686559347
0.5065655102475713 0.01271796784736426
0.505949008143752 0.012462184692525961
0.5070381268190268 0.012003522733849742
0.5064144110522018 0.012318052237848078
0.5064458626592042 0.01266436726378022
0.5066750267735467 0.012318404180146738
0.5061204670212016 0.01231495703745042
0.5063811199596295 0.012400356804909838
0.5070117260926427 0.012260816660852417
0.5069207027076911 0.012189669017846284
0.5063294108932543 0.012331149626753923
0.5062634504925555 0.012194279596467107
0.5065967685375841 0.01261522010100702
0.5062698286193876 0.012238603554108699
0.5064417797655455 0.012213349375445576
0.5063947585999573 0.012242684082084196
-------------------------------------------------- 59.068644762039185

-------------Round number: 21-------------

Evaluate before local training
Averaged Test Accurancy: 0.1836
Averaged Test AUC: 0.6688
File path: ../results/CIFAR10_FedCP_test_0.h5
0.5068505563152333 0.012407702296280215
0.5064813296238964 0.012363769186533119
0.5066660644414906 0.012368217883729158
0.5066845061448522 0.012282143034332848
0.5068025037956735 0.01250494719343455
0.5063987674657255 0.012281531017503282
0.5065803278882343 0.012351347731813067
0.5063623437204231 0.012337768006118646
0.5063976961016459 0.012190512646186698
0.5069264734689242 0.012329364277295791
0.506914316318356 0.012378968412015828
0.5065286274020298 0.012527093143555665
0.5061345869846838 0.012558881002469352
0.5070409689886639 0.012374853142687969
0.5061660810755805 0.012240644681654568
0.5066840451480331 0.011919581323789142
0.5069525977835442 0.012221336325965644
0.5058519151797028 0.01227172288583261
0.5065848894106845 0.012106230156806346
0.5066143502958883 0.012442912044446064
-------------------------------------------------- 58.1068229675293

-------------Round number: 22-------------

Evaluate before local training
Averaged Test Accurancy: 0.1893
Averaged Test AUC: 0.6770
File path: ../results/CIFAR10_FedCP_test_0.h5
0.5066556882137727 0.01244255745582831
0.5069581168608215 0.01226886535145308
0.5067304381242904 0.012408065890403273
0.5071701131617794 0.012580189320937336
0.5066965554411021 0.012784658716592815
0.5065686706527087 0.01235948123203963
0.5063585307305822 0.012384577657451809
0.5068381767337903 0.012428982582170827
0.5067019440138187 0.012518038780858252
0.5070255111831312 0.01212593338520475
0.5066820487069587 0.012289729328995948
0.5069559570760108 0.012398385247792701
0.50667808096235 0.012220987271402252
0.5069049714634625 0.012186943309796519
0.5067189946555748 0.012203855978986843
0.5064770983508191 0.012668560005000969
0.5064677650868696 0.012387472121548577
0.5064795289594585 0.012319302410627416
0.5069225893331397 0.012188193020381719
0.5065689388399895 0.01230190658401372
-------------------------------------------------- 58.871341705322266

-------------Round number: 23-------------

Evaluate before local training
Averaged Test Accurancy: 0.1964
Averaged Test AUC: 0.6837
File path: ../results/CIFAR10_FedCP_test_0.h5
0.5068902873287076 0.012495956981445996
0.5069541528600415 0.012234082974913213
0.5075048290384121 0.012354257575195567
0.506922977976501 0.012270573449912458
0.506887017602199 0.0127495848392697
0.5067362465585271 0.012110251821832138
0.5063852145042467 0.012204673068166305
0.5062672052150353 0.012177956354391086
0.5068089991378096 0.012393667729371258
0.5070105139763118 0.012564509590284805
0.5066790213115896 0.012356708937838074
0.5069696920780609 0.011975155275024053
0.506821713087937 0.012394044994363303
0.506728462719669 0.012264990851637132
0.5067383401597348 0.012474797219000964
0.5070039868139877 0.011997489937503467
0.5063652855176957 0.012058033416788795
0.5068378885013934 0.012314484352121317
0.506662424874345 0.012421935804928605
0.5068221611257356 0.012317452718573004
-------------------------------------------------- 57.40392303466797

-------------Round number: 24-------------

Evaluate before local training
Averaged Test Accurancy: 0.2004
Averaged Test AUC: 0.6900
File path: ../results/CIFAR10_FedCP_test_0.h5
0.5067776427246057 0.012260314281513755
0.5070805269269607 0.012488631692676874
0.5068144779039645 0.012211610285359125
0.5075020828188803 0.012260021377906499
0.5071684800637647 0.012394189487231056
0.506691167751948 0.012411077588877984
0.5070403063988411 0.012308975843112831
0.5066627989499233 0.012244846785402183
0.5067485182498319 0.012438012487590848
0.5068564725745666 0.012813786519337502
0.5068581632266824 0.012201964854050217
0.5070823503610415 0.01206234774468726
0.5069857991398558 0.012176870455605043
0.5068181020995746 0.01229055794759729
0.5067393768411608 0.012293038293840673
0.506846524679508 0.012551987275154696
0.5070436836865085 0.012121034971050722
0.5067758097981986 0.012511361506203147
0.5072959849061683 0.012434521547525154
0.5067158721044267 0.012129067742805198
-------------------------------------------------- 58.17180252075195

-------------Round number: 25-------------

Evaluate before local training
Averaged Test Accurancy: 0.2036
Averaged Test AUC: 0.6952
File path: ../results/CIFAR10_FedCP_test_0.h5
0.5068249702453613 0.011970843887161084
0.506846463212218 0.011833095320388402
0.5070391974101464 0.011986200093404321
0.5070249352556391 0.012492532374430371
0.5068689328128178 0.0124194948390001
0.5069505175074133 0.01264546866298643
0.5072079423504571 0.012134201284692156
0.506939021930194 0.012666853934226022
0.5068210823780024 0.012322465919007436
0.5072863946955365 0.012761361080631313
0.5072710884024242 0.012496762202626991
0.5074627281118853 0.012326057788161366
0.5071011028669187 0.012125280417398205
0.5066737623718114 0.012271231408248165
0.5069391756700591 0.012470112307321079
0.5074475752428557 0.012051825840696966
0.506782440158228 0.012150956806850459
0.5065745640999805 0.012316940788945374
0.5071158736514357 0.012239074055133222
0.5068075138335235 0.012200123368774128
-------------------------------------------------- 56.938135623931885

-------------Round number: 26-------------

Evaluate before local training
Averaged Test Accurancy: 0.2069
Averaged Test AUC: 0.7000
File path: ../results/CIFAR10_FedCP_test_0.h5
0.5070710413550076 0.012470306028225584
0.5070953172607682 0.012206978054482391
0.5067893885027029 0.012111163723403937
0.5074657447254046 0.012649018539115296
0.507062556520582 0.012181402850485542
0.5069725427310914 0.012072745097681914
0.5070543527388229 0.0126065501589534
0.5073389258856574 0.012407682329114019
0.5073243887044299 0.012410789206861018
0.5070220140191034 0.012409097886796198
0.5073430813992252 0.012610256487377024
0.5074395903935417 0.012318221114095043
0.5069743882448069 0.01201534818750148
0.5072845921923335 0.012347756765970106
0.5074835037931991 0.012350701494139978
0.5075329443774163 0.012345080106939245
0.5072883066769021 0.01264806761499372
0.5074852202804043 0.01251639427401061
0.5074320818440845 0.01205155388420228
0.5076033390053597 0.012465616670141552
-------------------------------------------------- 58.60745334625244

-------------Round number: 27-------------

Evaluate before local training
Averaged Test Accurancy: 0.2097
Averaged Test AUC: 0.7033
File path: ../results/CIFAR10_FedCP_test_0.h5
0.506976068413888 0.012153265998451575
0.5072758716698258 0.01242768878931042
0.50754348661464 0.012189276317797601
0.5075527628143437 0.012178030485660142
0.507098800478209 0.012424911540209268
0.5073482155537185 0.012396229156204606
0.507260371514253 0.01220237675782293
0.5069220782711338 0.012289888944343654
0.5073488452471793 0.012592083765611918
0.5073366458766545 0.012601420338409879
0.5071172683475245 0.012625782117189583
0.5072756385048612 0.012498471933865945
0.507318653142414 0.012377025408674266
0.5075587793969765 0.012268905720318244
0.5069633695082023 0.012451280956809014
0.5076083530886815 0.012336990919257348
0.5077431374352033 0.012230367272106255
0.5073701050009971 0.012408670439844997
0.5069048966233356 0.012149570519403276
0.5074290381505703 0.012637790946097776
-------------------------------------------------- 57.53163504600525

-------------Round number: 28-------------

Evaluate before local training
Averaged Test Accurancy: 0.2123
Averaged Test AUC: 0.7063
File path: ../results/CIFAR10_FedCP_test_0.h5
0.5075443250676378 0.012541432886085857
0.5073976582632616 0.012350858905402115
0.5080055623577956 0.012317492654816967
0.5076787267835476 0.01226097199977796
0.5078026539025208 0.012753388978919469
0.5074785847981007 0.012384612110365699
0.5075374454713594 0.012458451263023994
0.5079285191992918 0.012217317647697713
0.5074334530968612 0.012317829919442198
0.5072432815857035 0.01233054849178769
0.5074043910448941 0.012276538969145621
0.507380586166523 0.012122780249338222
0.5077554262840213 0.012223122567500761
0.5075506484971788 0.012311988486082979
0.5076167377839355 0.012289948956227864
0.5073495501031479 0.012425998936769137
0.5074777198024094 0.01228754391714996
0.5080734957845356 0.012173912570780687
0.5074372090494785 0.012318011082216244
0.5072959785006548 0.01228394986519476
-------------------------------------------------- 58.31149959564209

-------------Round number: 29-------------

Evaluate before local training
Averaged Test Accurancy: 0.2148
Averaged Test AUC: 0.7087
File path: ../results/CIFAR10_FedCP_test_0.h5
0.5078167646454695 0.012326700144822404
0.507194737768977 0.012472499537364932
0.507584035086135 0.012424341948062958
0.5077055327904721 0.012382350207356691
0.5074003635523602 0.012293319325610712
0.5075958403400503 0.012204074536391022
0.5075830097040651 0.012191898255317028
0.5074505888072676 0.012516197082426177
0.508012206102602 0.01257355971284283
0.5074832118235719 0.012540360131580238
0.5077852078904517 0.012200864494572384
0.5076894040028446 0.012161612029180965
0.5072866512868458 0.012259150234409618
0.5076508976232547 0.012366621387597537
0.5073437309260235 0.01253759762968036
0.5075749038742521 0.012400665535052176
0.5077116728449861 0.012432182209199555
0.5072589511147294 0.012439085961115202
0.5076392781084929 0.01256788432008106
0.507279893395638 0.012442946716546551
-------------------------------------------------- 56.595555782318115

-------------Round number: 30-------------

Evaluate before local training
Averaged Test Accurancy: 0.2212
Averaged Test AUC: 0.7139
File path: ../results/CIFAR10_FedCP_test_0.h5
0.5079082727530285 0.01239353235352058
0.507291601076232 0.01232593793014463
0.5075573260454755 0.01240845544082514
0.5079292507651143 0.012292834714572593
0.5076803499355148 0.012287045889960697
0.5076275106328421 0.012290476081005544
0.5080180233105634 0.01253369651362941
0.5075585074030246 0.012183617160949976
0.5073693497584034 0.012394812813773094
0.507741121060558 0.012232656661567426
0.5075216895112624 0.012686957089462516
0.5075530793207387 0.012212244468232089
0.50791419390589 0.012475743218486634
0.5080014876782512 0.012284782479891888
0.5076737526135567 0.012298015811903493
0.5079438275275513 0.012402614038410996
0.5080257830544351 0.01263022672195697
0.5072839142491993 0.012353433498105148
0.5082945484214295 0.01258044139939982
0.5078103678921858 0.01248999341598267
-------------------------------------------------- 58.59773588180542

-------------Round number: 31-------------

Evaluate before local training
Averaged Test Accurancy: 0.2273
Averaged Test AUC: 0.7179
File path: ../results/CIFAR10_FedCP_test_0.h5
0.5078542496865759 0.012257037282912742
0.5077624110719905 0.012389668605805822
Traceback (most recent call last):
  File "/content/drive/MyDrive/Colab Notebooks/uni-project/PM-MOE-clean/system/main.py", line 610, in <module>
  File "/content/drive/MyDrive/Colab Notebooks/uni-project/PM-MOE-clean/system/main.py", line 464, in run
  File "/content/drive/MyDrive/Colab Notebooks/uni-project/PM-MOE-clean/system/flcore/servers/servercp.py", line 103, in train
  File "/content/drive/MyDrive/Colab Notebooks/uni-project/PM-MOE-clean/system/flcore/clients/clientcp.py", line 132, in train_cs_model
  File "/content/drive/MyDrive/Colab Notebooks/uni-project/PM-MOE-clean/system/flcore/clients/clientbase.py", line 78, in load_train_data
  File "/content/drive/MyDrive/Colab Notebooks/uni-project/PM-MOE-clean/system/utils/data_utils.py", line 143, in read_client_data
  File "/content/drive/MyDrive/Colab Notebooks/uni-project/PM-MOE-clean/system/utils/data_utils.py", line 79, in read_data
  File "/content/drive/MyDrive/Colab Notebooks/uni-project/PM-MOE-clean/system/utils/data_utils.py", line 66, in _resolve_npz_path
FileNotFoundError: NPZ missing for dataset=CIFAR10, idx=2, split=train.
Searched under: /content/drive/MyDrive/Colab Notebooks/uni-project/PM-MOE-clean/dataset/CIFAR10
Patterns tried: ['CIFAR10_client_2_train.npz', 'client_{idx}_train.npz', 'train/client_{idx}.npz', 'client_{idx:03d}.npz under train/ or test/', 'user_{idx}_train.npz', 'train/user_{idx}.npz', 'train_CIFAR10_client_2.npz', 'train_2.npz', 'train/2.npz', '*client*2*train*.npz', '*train*client*2*.npz', '*user*2*train*.npz', '*train*2*.npz']
Found NPZ files: []
