==================================================
cuda is not available.
==================================================

============= Running time: 0th =============
Creating server and clients ...
FedAvgCNN(
  (conv1): Sequential(
    (0): Conv2d(3, 32, kernel_size=(5, 5), stride=(1, 1))
    (1): ReLU(inplace=True)
    (2): MaxPool2d(kernel_size=(2, 2), stride=(2, 2), padding=0, dilation=1, ceil_mode=False)
  )
  (conv2): Sequential(
    (0): Conv2d(32, 64, kernel_size=(5, 5), stride=(1, 1))
    (1): ReLU(inplace=True)
    (2): MaxPool2d(kernel_size=(2, 2), stride=(2, 2), padding=0, dilation=1, ceil_mode=False)
  )
  (fc1): Linear(in_features=1600, out_features=512, bias=True)
  (fc): Linear(in_features=512, out_features=10, bias=True)
)
Traceback (most recent call last):
  File "/content/drive/MyDrive/Colab Notebooks/uni-project/PM-MOE-clean/system/main.py", line 610, in <module>
    run(args)  # call the existing run() using parsed args in module scope
    ^^^^^^^^^
  File "/content/drive/MyDrive/Colab Notebooks/uni-project/PM-MOE-clean/system/main.py", line 377, in run
    server = FedCP(args, i)
             ^^^^^^^^^^^^^^
  File "/content/drive/MyDrive/Colab Notebooks/uni-project/PM-MOE-clean/system/flcore/servers/servercp.py", line 37, in __init__
    train_data = read_client_data(self.dataset, i, is_train=True)
                 ^^^^^^^^^^^^^^^^^^^^^^^^^^^^^^^^^^^^^^^^^^^^^^^^
  File "/content/drive/MyDrive/Colab Notebooks/uni-project/PM-MOE-clean/system/utils/data_utils.py", line 147, in read_client_data
    out = read_data(dataset, idx, is_train)
          ^^^^^^^^^^^^^^^^^^^^^^^^^^^^^^^^^
  File "/content/drive/MyDrive/Colab Notebooks/uni-project/PM-MOE-clean/system/utils/data_utils.py", line 83, in read_data
    fpath = _resolve_npz_path(dataset, idx, is_train)
            ^^^^^^^^^^^^^^^^^^^^^^^^^^^^^^^^^^^^^^^^^
  File "/content/drive/MyDrive/Colab Notebooks/uni-project/PM-MOE-clean/system/utils/data_utils.py", line 56, in _resolve_npz_path
    raise FileNotFoundError(
FileNotFoundError: NPZ missing for dataset=CIFAR10, idx=0, split=train.
Searched under: /content/drive/MyDrive/Colab Notebooks/uni-project/PM-MOE-clean/dataset/CIFAR10
Patterns tried: ['CIFAR10_client_0_train.npz', 'client_0_train.npz', 'train/client_0.npz', 'user_0_train.npz', 'train/user_0.npz', 'train_CIFAR10_client_0.npz', 'train_0.npz', 'train/0.npz', '*client*0*train*.npz', '*train*client*0*.npz', '*user*0*train*.npz', '*train*0*.npz', '*0*train*.npz']
Found NPZ files: ['/content/drive/MyDrive/Colab Notebooks/uni-project/PM-MOE-clean/dataset/CIFAR10/train/client_000.npz', '/content/drive/MyDrive/Colab Notebooks/uni-project/PM-MOE-clean/dataset/CIFAR10/train/client_001.npz', '/content/drive/MyDrive/Colab Notebooks/uni-project/PM-MOE-clean/dataset/CIFAR10/train/client_002.npz', '/content/drive/MyDrive/Colab Notebooks/uni-project/PM-MOE-clean/dataset/CIFAR10/train/client_003.npz', '/content/drive/MyDrive/Colab Notebooks/uni-project/PM-MOE-clean/dataset/CIFAR10/train/client_004.npz', '/content/drive/MyDrive/Colab Notebooks/uni-project/PM-MOE-clean/dataset/CIFAR10/train/client_005.npz', '/content/drive/MyDrive/Colab Notebooks/uni-project/PM-MOE-clean/dataset/CIFAR10/train/client_006.npz', '/content/drive/MyDrive/Colab Notebooks/uni-project/PM-MOE-clean/dataset/CIFAR10/train/client_007.npz', '/content/drive/MyDrive/Colab Notebooks/uni-project/PM-MOE-clean/dataset/CIFAR10/train/client_008.npz', '/content/drive/MyDrive/Colab Notebooks/uni-project/PM-MOE-clean/dataset/CIFAR10/train/client_009.npz', '/content/drive/MyDrive/Colab Notebooks/uni-project/PM-MOE-clean/dataset/CIFAR10/train/client_010.npz', '/content/drive/MyDrive/Colab Notebooks/uni-project/PM-MOE-clean/dataset/CIFAR10/train/client_011.npz', '/content/drive/MyDrive/Colab Notebooks/uni-project/PM-MOE-clean/dataset/CIFAR10/train/client_012.npz', '/content/drive/MyDrive/Colab Notebooks/uni-project/PM-MOE-clean/dataset/CIFAR10/train/client_013.npz', '/content/drive/MyDrive/Colab Notebooks/uni-project/PM-MOE-clean/dataset/CIFAR10/train/client_014.npz', '/content/drive/MyDrive/Colab Notebooks/uni-project/PM-MOE-clean/dataset/CIFAR10/train/client_015.npz', '/content/drive/MyDrive/Colab Notebooks/uni-project/PM-MOE-clean/dataset/CIFAR10/train/client_016.npz', '/content/drive/MyDrive/Colab Notebooks/uni-project/PM-MOE-clean/dataset/CIFAR10/train/client_017.npz', '/content/drive/MyDrive/Colab Notebooks/uni-project/PM-MOE-clean/dataset/CIFAR10/train/client_018.npz', '/content/drive/MyDrive/Colab Notebooks/uni-project/PM-MOE-clean/dataset/CIFAR10/train/client_019.npz', '/content/drive/MyDrive/Colab Notebooks/uni-project/PM-MOE-clean/dataset/CIFAR10/test/client_000.npz', '/content/drive/MyDrive/Colab Notebooks/uni-project/PM-MOE-clean/dataset/CIFAR10/test/client_001.npz', '/content/drive/MyDrive/Colab Notebooks/uni-project/PM-MOE-clean/dataset/CIFAR10/test/client_002.npz', '/content/drive/MyDrive/Colab Notebooks/uni-project/PM-MOE-clean/dataset/CIFAR10/test/client_003.npz', '/content/drive/MyDrive/Colab Notebooks/uni-project/PM-MOE-clean/dataset/CIFAR10/test/client_004.npz', '/content/drive/MyDrive/Colab Notebooks/uni-project/PM-MOE-clean/dataset/CIFAR10/test/client_005.npz', '/content/drive/MyDrive/Colab Notebooks/uni-project/PM-MOE-clean/dataset/CIFAR10/test/client_006.npz', '/content/drive/MyDrive/Colab Notebooks/uni-project/PM-MOE-clean/dataset/CIFAR10/test/client_007.npz', '/content/drive/MyDrive/Colab Notebooks/uni-project/PM-MOE-clean/dataset/CIFAR10/test/client_008.npz', '/content/drive/MyDrive/Colab Notebooks/uni-project/PM-MOE-clean/dataset/CIFAR10/test/client_009.npz', '/content/drive/MyDrive/Colab Notebooks/uni-project/PM-MOE-clean/dataset/CIFAR10/test/client_010.npz', '/content/drive/MyDrive/Colab Notebooks/uni-project/PM-MOE-clean/dataset/CIFAR10/test/client_011.npz', '/content/drive/MyDrive/Colab Notebooks/uni-project/PM-MOE-clean/dataset/CIFAR10/test/client_012.npz', '/content/drive/MyDrive/Colab Notebooks/uni-project/PM-MOE-clean/dataset/CIFAR10/test/client_013.npz', '/content/drive/MyDrive/Colab Notebooks/uni-project/PM-MOE-clean/dataset/CIFAR10/test/client_014.npz', '/content/drive/MyDrive/Colab Notebooks/uni-project/PM-MOE-clean/dataset/CIFAR10/test/client_015.npz', '/content/drive/MyDrive/Colab Notebooks/uni-project/PM-MOE-clean/dataset/CIFAR10/test/client_016.npz', '/content/drive/MyDrive/Colab Notebooks/uni-project/PM-MOE-clean/dataset/CIFAR10/test/client_017.npz', '/content/drive/MyDrive/Colab Notebooks/uni-project/PM-MOE-clean/dataset/CIFAR10/test/client_018.npz', '/content/drive/MyDrive/Colab Notebooks/uni-project/PM-MOE-clean/dataset/CIFAR10/test/client_019.npz']
