
============= Running time: 0th =============
Creating server and clients ...
FedAvgCNN(
  (conv1): Sequential(
    (0): Conv2d(3, 32, kernel_size=(5, 5), stride=(1, 1))
    (1): ReLU(inplace=True)
    (2): MaxPool2d(kernel_size=(2, 2), stride=(2, 2), padding=0, dilation=1, ceil_mode=False)
  )
  (conv2): Sequential(
    (0): Conv2d(32, 64, kernel_size=(5, 5), stride=(1, 1))
    (1): ReLU(inplace=True)
    (2): MaxPool2d(kernel_size=(2, 2), stride=(2, 2), padding=0, dilation=1, ceil_mode=False)
  )
  (fc1): Linear(in_features=1600, out_features=512, bias=True)
  (fc): Linear(in_features=512, out_features=10, bias=True)
)

Join ratio / total clients: 1.0 / 20
Finished creating server and clients.

-------------Round number: 0-------------

Evaluate personalized models
Averaged Train Loss: 2.3038
Averaged Test Accurancy: 0.1015
Averaged Test AUC: 0.4920
Std Test Accurancy: 0.0120
Std Test AUC: 0.0118
------------------------- time cost ------------------------- 83.13153958320618

-------------Round number: 1-------------

Evaluate personalized models
Averaged Train Loss: 2.3006
Averaged Test Accurancy: 0.1079
Averaged Test AUC: 0.5056
Std Test Accurancy: 0.0150
Std Test AUC: 0.0124
------------------------- time cost ------------------------- 81.48961186408997

-------------Round number: 2-------------

Evaluate personalized models
Averaged Train Loss: 2.2975
Averaged Test Accurancy: 0.1146
Averaged Test AUC: 0.5195
Std Test Accurancy: 0.0189
Std Test AUC: 0.0127
------------------------- time cost ------------------------- 80.374267578125

-------------Round number: 3-------------

Evaluate personalized models
Averaged Train Loss: 2.2942
Averaged Test Accurancy: 0.1153
Averaged Test AUC: 0.5301
Std Test Accurancy: 0.0212
Std Test AUC: 0.0133
------------------------- time cost ------------------------- 79.53366470336914

-------------Round number: 4-------------

Evaluate personalized models
Averaged Train Loss: 2.2910
Averaged Test Accurancy: 0.1187
Averaged Test AUC: 0.5391
Std Test Accurancy: 0.0209
Std Test AUC: 0.0143
------------------------- time cost ------------------------- 79.16446709632874

-------------Round number: 5-------------

Evaluate personalized models
Averaged Train Loss: 2.2875
Averaged Test Accurancy: 0.1228
Averaged Test AUC: 0.5447
Std Test Accurancy: 0.0241
Std Test AUC: 0.0150
------------------------- time cost ------------------------- 78.69110918045044

Best accuracy.
0.1228

Average time cost per round.
79.85062408447266
File path: ../results/CIFAR10_FedPer_test_0.h5

Average time cost: 524.65s.

if the model file saved, please concern this result:
Length:  6
std for best accurancy: 0.0
mean for best accurancy: 0.1228
All done!

Storage on cuda:0
-------------------------------------------------------------------------------
Total Tensors: 54464226 	Used Memory: 140.79M
The allocated memory on cuda:0: 157.04M
Memory differs due to the matrix alignment or invisible gradient buffer tensors
-------------------------------------------------------------------------------
