Traceback (most recent call last):
  File "/content/drive/MyDrive/Colab Notebooks/uni-project/PM-MOE-clean/system/main.py", line 29, in <module>
    from flcore.servers.serveravg import FedAvg
  File "/content/drive/MyDrive/Colab Notebooks/uni-project/PM-MOE-clean/system/flcore/servers/serveravg.py", line 19, in <module>
    from flcore.clients.clientavg import clientAVG
  File "/content/drive/MyDrive/Colab Notebooks/uni-project/PM-MOE-clean/system/flcore/clients/clientavg.py", line 23, in <module>
    from utils.privacy import *
  File "/content/drive/MyDrive/Colab Notebooks/uni-project/PM-MOE-clean/system/utils/privacy.py", line 18, in <module>
    from opacus import PrivacyEngine
ModuleNotFoundError: No module named 'opacus'

cuda is not avaiable.

==================================================
Algorithm: PMOE_FedCP
Local batch size: 10
Local epochs: 1
Local learing rate: 0.005
Local learing rate decay: False
Total number of clients: 20
Clients join in each round: 1.0
Clients randomly join: False
Client drop rate: 0.0
Client select regarding time: False
Running times: 1
Dataset: CIFAR10
Number of classes: 10
Backbone: cnn
Using device: cpu
Using DP: False
Auto break: False
Global rounds: 50
DLG attack: False
Total number of new clients: 0
Fine tuning epoches on new clients: 0
==================================================

============= Running time: 0th =============
Creating server and clients ...
FedAvgCNN(
  (conv1): Sequential(
    (0): Conv2d(3, 32, kernel_size=(5, 5), stride=(1, 1))
    (1): ReLU(inplace=True)
    (2): MaxPool2d(kernel_size=(2, 2), stride=(2, 2), padding=0, dilation=1, ceil_mode=False)
  )
  (conv2): Sequential(
    (0): Conv2d(32, 64, kernel_size=(5, 5), stride=(1, 1))
    (1): ReLU(inplace=True)
    (2): MaxPool2d(kernel_size=(2, 2), stride=(2, 2), padding=0, dilation=1, ceil_mode=False)
  )
  (fc1): Sequential(
    (0): Linear(in_features=10816, out_features=512, bias=True)
    (1): ReLU(inplace=True)
  )
  (fc): Linear(in_features=512, out_features=10, bias=True)
)
Traceback (most recent call last):
  File "/content/drive/MyDrive/Colab Notebooks/uni-project/PM-MOE-clean/system/main.py", line 638, in <module>
    run(args)
  File "/content/drive/MyDrive/Colab Notebooks/uni-project/PM-MOE-clean/system/main.py", line 404, in run
    server = PMOE_FedCP(args, i)
             ^^^^^^^^^^^^^^^^^^^
  File "/content/drive/MyDrive/Colab Notebooks/uni-project/PM-MOE-clean/system/flcore/servers/servercp.py", line 186, in __init__
    train_data = read_client_data(self.dataset, i, is_train=True)
                 ^^^^^^^^^^^^^^^^^^^^^^^^^^^^^^^^^^^^^^^^^^^^^^^^
  File "/content/drive/MyDrive/Colab Notebooks/uni-project/PM-MOE-clean/system/utils/data_utils.py", line 50, in read_client_data
    train_data = read_data(dataset, idx, is_train)
                 ^^^^^^^^^^^^^^^^^^^^^^^^^^^^^^^^^
  File "/content/drive/MyDrive/Colab Notebooks/uni-project/PM-MOE-clean/system/utils/data_utils.py", line 28, in read_data
    with open(train_file, 'rb') as f:
         ^^^^^^^^^^^^^^^^^^^^^^
FileNotFoundError: [Errno 2] No such file or directory: '/content/drive/MyDrive/Colab Notebooks/uni-project/PM-MOE-clean/dataset/CIFAR10/train/0.npz'
