==================================================
Algorithm: PMOE_FedPer
Local batch size: 10
Local epochs: 1
Local learing rate: 0.005
Local learing rate decay: False
Total number of clients: 20
Clients join in each round: 1.0
Clients randomly join: False
Client drop rate: 0.0
Client select regarding time: False
Running times: 1
Dataset: MNIST
Number of classes: 10
Backbone: cnn
Using device: cuda
Using DP: False
Auto break: False
Global rounds: 2000
Cuda device id: 0
DLG attack: False
Total number of new clients: 0
Fine tuning epoches on new clients: 0
==================================================

============= Running time: 0th =============
Creating server and clients ...
FedAvgCNN(
  (conv1): Sequential(
    (0): Conv2d(1, 32, kernel_size=(5, 5), stride=(1, 1))
    (1): ReLU(inplace=True)
    (2): MaxPool2d(kernel_size=(2, 2), stride=(2, 2), padding=0, dilation=1, ceil_mode=False)
  )
  (conv2): Sequential(
    (0): Conv2d(32, 64, kernel_size=(5, 5), stride=(1, 1))
    (1): ReLU(inplace=True)
    (2): MaxPool2d(kernel_size=(2, 2), stride=(2, 2), padding=0, dilation=1, ceil_mode=False)
  )
  (fc1): Sequential(
    (0): Linear(in_features=1024, out_features=512, bias=True)
    (1): ReLU(inplace=True)
  )
  (fc): Linear(in_features=512, out_features=10, bias=True)
)

Join ratio / total clients: 1.0 / 20
Finished creating server and clients.
Traceback (most recent call last):
  File "/content/drive/MyDrive/Colab Notebooks/uni-project/PM-MOE-clean/system/moe_finetune.py", line 623, in <module>
    run(args)
  File "/content/drive/MyDrive/Colab Notebooks/uni-project/PM-MOE-clean/system/moe_finetune.py", line 412, in run
    server = PMOE_FedPer(args, i) 
             ^^^^^^^^^^^^^^^^^^^^
  File "/content/drive/MyDrive/Colab Notebooks/uni-project/PM-MOE-clean/system/flcore/servers/serverper.py", line 127, in __init__
    self.load_model()                              # --------please cancel annotate in pmoe finetune --------
    ^^^^^^^^^^^^^^^^^
  File "/content/drive/MyDrive/Colab Notebooks/uni-project/PM-MOE-clean/system/flcore/servers/serverbase.py", line 179, in load_model
    self.global_model = torch.load(model_path)
                        ^^^^^^^^^^^^^^^^^^^^^^
  File "/usr/local/lib/python3.12/dist-packages/torch/serialization.py", line 1529, in load
    raise pickle.UnpicklingError(_get_wo_message(str(e))) from None
_pickle.UnpicklingError: Weights only load failed. This file can still be loaded, to do so you have two options, [1mdo those steps only if you trust the source of the checkpoint[0m. 
	(1) In PyTorch 2.6, we changed the default value of the `weights_only` argument in `torch.load` from `False` to `True`. Re-running `torch.load` with `weights_only` set to `False` will likely succeed, but it can result in arbitrary code execution. Do it only if you got the file from a trusted source.
	(2) Alternatively, to load with `weights_only=True` please check the recommended steps in the following error message.
	WeightsUnpickler error: Unsupported global: GLOBAL flcore.trainmodel.models.FedAvgCNN was not an allowed global by default. Please use `torch.serialization.add_safe_globals([flcore.trainmodel.models.FedAvgCNN])` or the `torch.serialization.safe_globals([flcore.trainmodel.models.FedAvgCNN])` context manager to allowlist this global if you trust this class/function.

Check the documentation of torch.load to learn more about types accepted by default with weights_only https://pytorch.org/docs/stable/generated/torch.load.html.
==================================================
Algorithm: PMOE_FedPer
Local batch size: 10
Local epochs: 1
Local learing rate: 0.005
Local learing rate decay: False
Total number of clients: 20
Clients join in each round: 1.0
Clients randomly join: False
Client drop rate: 0.0
Client select regarding time: False
Running times: 1
Dataset: MNIST
Number of classes: 10
Backbone: cnn
Using device: cuda
Using DP: False
Auto break: False
Global rounds: 2000
Cuda device id: 0
DLG attack: False
Total number of new clients: 0
Fine tuning epoches on new clients: 0
==================================================

============= Running time: 0th =============
Creating server and clients ...
FedAvgCNN(
  (conv1): Sequential(
    (0): Conv2d(1, 32, kernel_size=(5, 5), stride=(1, 1))
    (1): ReLU(inplace=True)
    (2): MaxPool2d(kernel_size=(2, 2), stride=(2, 2), padding=0, dilation=1, ceil_mode=False)
  )
  (conv2): Sequential(
    (0): Conv2d(32, 64, kernel_size=(5, 5), stride=(1, 1))
    (1): ReLU(inplace=True)
    (2): MaxPool2d(kernel_size=(2, 2), stride=(2, 2), padding=0, dilation=1, ceil_mode=False)
  )
  (fc1): Sequential(
    (0): Linear(in_features=1024, out_features=512, bias=True)
    (1): ReLU(inplace=True)
  )
  (fc): Linear(in_features=512, out_features=10, bias=True)
)

Join ratio / total clients: 1.0 / 20
Finished creating server and clients.
Traceback (most recent call last):
  File "/content/drive/MyDrive/Colab Notebooks/uni-project/PM-MOE-clean/system/moe_finetune.py", line 623, in <module>
    run(args)
  File "/content/drive/MyDrive/Colab Notebooks/uni-project/PM-MOE-clean/system/moe_finetune.py", line 412, in run
    server = PMOE_FedPer(args, i) 
             ^^^^^^^^^^^^^^^^^^^^
  File "/content/drive/MyDrive/Colab Notebooks/uni-project/PM-MOE-clean/system/flcore/servers/serverper.py", line 127, in __init__
    self.load_model()                              # --------please cancel annotate in pmoe finetune --------
    ^^^^^^^^^^^^^^^^^
  File "/content/drive/MyDrive/Colab Notebooks/uni-project/PM-MOE-clean/system/flcore/servers/serverbase.py", line 179, in load_model
    self.global_model = torch.load(model_path)
                        ^^^^^^^^^^^^^^^^^^^^^^
  File "/usr/local/lib/python3.12/dist-packages/torch/serialization.py", line 1529, in load
    raise pickle.UnpicklingError(_get_wo_message(str(e))) from None
_pickle.UnpicklingError: Weights only load failed. This file can still be loaded, to do so you have two options, [1mdo those steps only if you trust the source of the checkpoint[0m. 
	(1) In PyTorch 2.6, we changed the default value of the `weights_only` argument in `torch.load` from `False` to `True`. Re-running `torch.load` with `weights_only` set to `False` will likely succeed, but it can result in arbitrary code execution. Do it only if you got the file from a trusted source.
	(2) Alternatively, to load with `weights_only=True` please check the recommended steps in the following error message.
	WeightsUnpickler error: Unsupported global: GLOBAL flcore.trainmodel.models.FedAvgCNN was not an allowed global by default. Please use `torch.serialization.add_safe_globals([flcore.trainmodel.models.FedAvgCNN])` or the `torch.serialization.safe_globals([flcore.trainmodel.models.FedAvgCNN])` context manager to allowlist this global if you trust this class/function.

Check the documentation of torch.load to learn more about types accepted by default with weights_only https://pytorch.org/docs/stable/generated/torch.load.html.
==================================================
Algorithm: PMOE_FedPer
Local batch size: 10
Local epochs: 1
Local learing rate: 0.005
Local learing rate decay: False
Total number of clients: 20
Clients join in each round: 1.0
Clients randomly join: False
Client drop rate: 0.0
Client select regarding time: False
Running times: 1
Dataset: MNIST
Number of classes: 10
Backbone: cnn
Using device: cuda
Using DP: False
Auto break: False
Global rounds: 2000
Cuda device id: 0
DLG attack: False
Total number of new clients: 0
Fine tuning epoches on new clients: 0
==================================================

============= Running time: 0th =============
Creating server and clients ...
FedAvgCNN(
  (conv1): Sequential(
    (0): Conv2d(1, 32, kernel_size=(5, 5), stride=(1, 1))
    (1): ReLU(inplace=True)
    (2): MaxPool2d(kernel_size=(2, 2), stride=(2, 2), padding=0, dilation=1, ceil_mode=False)
  )
  (conv2): Sequential(
    (0): Conv2d(32, 64, kernel_size=(5, 5), stride=(1, 1))
    (1): ReLU(inplace=True)
    (2): MaxPool2d(kernel_size=(2, 2), stride=(2, 2), padding=0, dilation=1, ceil_mode=False)
  )
  (fc1): Sequential(
    (0): Linear(in_features=1024, out_features=512, bias=True)
    (1): ReLU(inplace=True)
  )
  (fc): Linear(in_features=512, out_features=10, bias=True)
)

Join ratio / total clients: 1.0 / 20
Finished creating server and clients.

-------------Before evaluate:-------------
Averaged Train Loss: 0.4021
Averaged Test Accurancy: 0.8775
Averaged Test AUC: 0.9873
Std Test Accurancy: 0.0538
Std Test AUC: 0.0081

-------------MOE finetuning:-------------
client 0 start moe finetune !!!!
Traceback (most recent call last):
  File "/content/drive/MyDrive/Colab Notebooks/uni-project/PM-MOE-clean/system/moe_finetune.py", line 623, in <module>
    run(args)
  File "/content/drive/MyDrive/Colab Notebooks/uni-project/PM-MOE-clean/system/moe_finetune.py", line 441, in run
    server.moefinetune()
  File "/content/drive/MyDrive/Colab Notebooks/uni-project/PM-MOE-clean/system/flcore/servers/serverper.py", line 213, in moefinetune
    client.moe_finetune()  # clinet moe finetune
    ^^^^^^^^^^^^^^^^^^^^^
  File "/content/drive/MyDrive/Colab Notebooks/uni-project/PM-MOE-clean/system/flcore/clients/clientper.py", line 133, in moe_finetune
    self.model.moe = ToPMoE(trained_experts = self.trained_experts,
                     ^^^^^^^^^^^^^^^^^^^^^^^^^^^^^^^^^^^^^^^^^^^^^^
  File "/content/drive/MyDrive/Colab Notebooks/uni-project/PM-MOE-clean/system/flcore/trainmodel/moe/moe.py", line 39, in __init__
    self.energy_T=args.energy_T
                  ^^^^^^^^^^^^^
AttributeError: 'Namespace' object has no attribute 'energy_T'
==================================================
Algorithm: PMOE_FedPer
Local batch size: 10
Local epochs: 1
Local learing rate: 0.005
Local learing rate decay: False
Total number of clients: 20
Clients join in each round: 1.0
Clients randomly join: False
Client drop rate: 0.0
Client select regarding time: False
Running times: 1
Dataset: MNIST
Number of classes: 10
Backbone: cnn
Using device: cuda
Using DP: False
Auto break: False
Global rounds: 2000
Cuda device id: 0
DLG attack: False
Total number of new clients: 0
Fine tuning epoches on new clients: 0
==================================================

============= Running time: 0th =============
Creating server and clients ...
FedAvgCNN(
  (conv1): Sequential(
    (0): Conv2d(1, 32, kernel_size=(5, 5), stride=(1, 1))
    (1): ReLU(inplace=True)
    (2): MaxPool2d(kernel_size=(2, 2), stride=(2, 2), padding=0, dilation=1, ceil_mode=False)
  )
  (conv2): Sequential(
    (0): Conv2d(32, 64, kernel_size=(5, 5), stride=(1, 1))
    (1): ReLU(inplace=True)
    (2): MaxPool2d(kernel_size=(2, 2), stride=(2, 2), padding=0, dilation=1, ceil_mode=False)
  )
  (fc1): Sequential(
    (0): Linear(in_features=1024, out_features=512, bias=True)
    (1): ReLU(inplace=True)
  )
  (fc): Linear(in_features=512, out_features=10, bias=True)
)

Join ratio / total clients: 1.0 / 20
Finished creating server and clients.

-------------Before evaluate:-------------
Averaged Train Loss: 0.4021
Averaged Test Accurancy: 0.8775
Averaged Test AUC: 0.9873
Std Test Accurancy: 0.0538
Std Test AUC: 0.0081

-------------MOE finetuning:-------------
client 0 start moe finetune !!!!
Traceback (most recent call last):
  File "/content/drive/MyDrive/Colab Notebooks/uni-project/PM-MOE-clean/system/moe_finetune.py", line 623, in <module>
    run(args)
  File "/content/drive/MyDrive/Colab Notebooks/uni-project/PM-MOE-clean/system/moe_finetune.py", line 441, in run
    server.moefinetune()
  File "/content/drive/MyDrive/Colab Notebooks/uni-project/PM-MOE-clean/system/flcore/servers/serverper.py", line 213, in moefinetune
    client.moe_finetune()  # clinet moe finetune
    ^^^^^^^^^^^^^^^^^^^^^
  File "/content/drive/MyDrive/Colab Notebooks/uni-project/PM-MOE-clean/system/flcore/clients/clientper.py", line 133, in moe_finetune
    self.model.moe = ToPMoE(trained_experts = self.trained_experts,
                     ^^^^^^^^^^^^^^^^^^^^^^^^^^^^^^^^^^^^^^^^^^^^^^
  File "/content/drive/MyDrive/Colab Notebooks/uni-project/PM-MOE-clean/system/flcore/trainmodel/moe/moe.py", line 39, in __init__
    self.energy_T=args.energy_T
                  ^^^^^^^^^^^^^
AttributeError: 'Namespace' object has no attribute 'energy_T'
==================================================
Algorithm: PMOE_FedPer
Local batch size: 10
Local epochs: 1
Local learing rate: 0.005
Local learing rate decay: False
Total number of clients: 20
Clients join in each round: 1.0
Clients randomly join: False
Client drop rate: 0.0
Client select regarding time: False
Running times: 1
Dataset: MNIST
Number of classes: 10
Backbone: cnn
Using device: cuda
Using DP: False
Auto break: False
Global rounds: 2000
Cuda device id: 0
DLG attack: False
Total number of new clients: 0
Fine tuning epoches on new clients: 0
==================================================

============= Running time: 0th =============
Creating server and clients ...
FedAvgCNN(
  (conv1): Sequential(
    (0): Conv2d(1, 32, kernel_size=(5, 5), stride=(1, 1))
    (1): ReLU(inplace=True)
    (2): MaxPool2d(kernel_size=(2, 2), stride=(2, 2), padding=0, dilation=1, ceil_mode=False)
  )
  (conv2): Sequential(
    (0): Conv2d(32, 64, kernel_size=(5, 5), stride=(1, 1))
    (1): ReLU(inplace=True)
    (2): MaxPool2d(kernel_size=(2, 2), stride=(2, 2), padding=0, dilation=1, ceil_mode=False)
  )
  (fc1): Sequential(
    (0): Linear(in_features=1024, out_features=512, bias=True)
    (1): ReLU(inplace=True)
  )
  (fc): Linear(in_features=512, out_features=10, bias=True)
)

Join ratio / total clients: 1.0 / 20
Finished creating server and clients.

-------------Before evaluate:-------------
Averaged Train Loss: 0.4021
Averaged Test Accurancy: 0.8775
Averaged Test AUC: 0.9873
Std Test Accurancy: 0.0538
Std Test AUC: 0.0081

-------------MOE finetuning:-------------
client 0 start moe finetune !!!!
Traceback (most recent call last):
  File "/content/drive/MyDrive/Colab Notebooks/uni-project/PM-MOE-clean/system/moe_finetune.py", line 623, in <module>
    run(args)
  File "/content/drive/MyDrive/Colab Notebooks/uni-project/PM-MOE-clean/system/moe_finetune.py", line 441, in run
    server.moefinetune()
  File "/content/drive/MyDrive/Colab Notebooks/uni-project/PM-MOE-clean/system/flcore/servers/serverper.py", line 213, in moefinetune
    client.moe_finetune()  # clinet moe finetune
    ^^^^^^^^^^^^^^^^^^^^^
  File "/content/drive/MyDrive/Colab Notebooks/uni-project/PM-MOE-clean/system/flcore/clients/clientper.py", line 163, in moe_finetune
    output = self.model.moe(rep)
             ^^^^^^^^^^^^^^^^^^^
  File "/usr/local/lib/python3.12/dist-packages/torch/nn/modules/module.py", line 1773, in _wrapped_call_impl
    return self._call_impl(*args, **kwargs)
           ^^^^^^^^^^^^^^^^^^^^^^^^^^^^^^^^
  File "/usr/local/lib/python3.12/dist-packages/torch/nn/modules/module.py", line 1784, in _call_impl
    return forward_call(*args, **kwargs)
           ^^^^^^^^^^^^^^^^^^^^^^^^^^^^^
  File "/content/drive/MyDrive/Colab Notebooks/uni-project/PM-MOE-clean/system/flcore/trainmodel/moe/moe.py", line 72, in forward
    rep_ori = self.experts[self.args.id](x[i]) # 10
                           ^^^^^^^^^^^^
AttributeError: 'Namespace' object has no attribute 'id'
==================================================
Algorithm: PMOE_FedPer
Local batch size: 10
Local epochs: 1
Local learing rate: 0.005
Local learing rate decay: False
Total number of clients: 20
Clients join in each round: 1.0
Clients randomly join: False
Client drop rate: 0.0
Client select regarding time: False
Running times: 1
Dataset: MNIST
Number of classes: 10
Backbone: cnn
Using device: cuda
Using DP: False
Auto break: False
Global rounds: 2000
Cuda device id: 0
DLG attack: False
Total number of new clients: 0
Fine tuning epoches on new clients: 0
==================================================

============= Running time: 0th =============
Creating server and clients ...
FedAvgCNN(
  (conv1): Sequential(
    (0): Conv2d(1, 32, kernel_size=(5, 5), stride=(1, 1))
    (1): ReLU(inplace=True)
    (2): MaxPool2d(kernel_size=(2, 2), stride=(2, 2), padding=0, dilation=1, ceil_mode=False)
  )
  (conv2): Sequential(
    (0): Conv2d(32, 64, kernel_size=(5, 5), stride=(1, 1))
    (1): ReLU(inplace=True)
    (2): MaxPool2d(kernel_size=(2, 2), stride=(2, 2), padding=0, dilation=1, ceil_mode=False)
  )
  (fc1): Sequential(
    (0): Linear(in_features=1024, out_features=512, bias=True)
    (1): ReLU(inplace=True)
  )
  (fc): Linear(in_features=512, out_features=10, bias=True)
)

Join ratio / total clients: 1.0 / 20
Finished creating server and clients.

-------------Before evaluate:-------------
Averaged Train Loss: 0.4021
Averaged Test Accurancy: 0.8775
Averaged Test AUC: 0.9873
Std Test Accurancy: 0.0538
Std Test AUC: 0.0081

-------------MOE finetuning:-------------
client 0 start moe finetune !!!!
Traceback (most recent call last):
  File "/content/drive/MyDrive/Colab Notebooks/uni-project/PM-MOE-clean/system/moe_finetune.py", line 623, in <module>
    run(args)
  File "/content/drive/MyDrive/Colab Notebooks/uni-project/PM-MOE-clean/system/moe_finetune.py", line 441, in run
    server.moefinetune()
  File "/content/drive/MyDrive/Colab Notebooks/uni-project/PM-MOE-clean/system/flcore/servers/serverper.py", line 213, in moefinetune
    client.moe_finetune()  # clinet moe finetune
    ^^^^^^^^^^^^^^^^^^^^^
  File "/content/drive/MyDrive/Colab Notebooks/uni-project/PM-MOE-clean/system/flcore/clients/clientper.py", line 164, in moe_finetune
    output = self.model.moe(rep)
             ^^^^^^^^^^^^^^^^^^^
  File "/usr/local/lib/python3.12/dist-packages/torch/nn/modules/module.py", line 1773, in _wrapped_call_impl
    return self._call_impl(*args, **kwargs)
           ^^^^^^^^^^^^^^^^^^^^^^^^^^^^^^^^
  File "/usr/local/lib/python3.12/dist-packages/torch/nn/modules/module.py", line 1784, in _call_impl
    return forward_call(*args, **kwargs)
           ^^^^^^^^^^^^^^^^^^^^^^^^^^^^^
  File "/content/drive/MyDrive/Colab Notebooks/uni-project/PM-MOE-clean/system/flcore/trainmodel/moe/moe.py", line 99, in forward
    filtered_expert_results = [expert_results[idx] for idx in keep_indices]
                               ~~~~~~~~~~~~~~^^^^^
IndexError: list index out of range
==================================================
Algorithm: PMOE_FedPer
Local batch size: 10
Local epochs: 1
Local learing rate: 0.005
Local learing rate decay: False
Total number of clients: 20
Clients join in each round: 1.0
Clients randomly join: False
Client drop rate: 0.0
Client select regarding time: False
Running times: 1
Dataset: MNIST
Number of classes: 10
Backbone: cnn
Using device: cuda
Using DP: False
Auto break: False
Global rounds: 2000
Cuda device id: 0
DLG attack: False
Total number of new clients: 0
Fine tuning epoches on new clients: 0
==================================================

============= Running time: 0th =============
Creating server and clients ...
FedAvgCNN(
  (conv1): Sequential(
    (0): Conv2d(1, 32, kernel_size=(5, 5), stride=(1, 1))
    (1): ReLU(inplace=True)
    (2): MaxPool2d(kernel_size=(2, 2), stride=(2, 2), padding=0, dilation=1, ceil_mode=False)
  )
  (conv2): Sequential(
    (0): Conv2d(32, 64, kernel_size=(5, 5), stride=(1, 1))
    (1): ReLU(inplace=True)
    (2): MaxPool2d(kernel_size=(2, 2), stride=(2, 2), padding=0, dilation=1, ceil_mode=False)
  )
  (fc1): Sequential(
    (0): Linear(in_features=1024, out_features=512, bias=True)
    (1): ReLU(inplace=True)
  )
  (fc): Linear(in_features=512, out_features=10, bias=True)
)

Join ratio / total clients: 1.0 / 20
Finished creating server and clients.

-------------Before evaluate:-------------
Averaged Train Loss: 0.4021
Averaged Test Accurancy: 0.8775
Averaged Test AUC: 0.9873
Std Test Accurancy: 0.0538
Std Test AUC: 0.0081

-------------MOE finetuning:-------------
client 0 start moe finetune !!!!
Traceback (most recent call last):
  File "/content/drive/MyDrive/Colab Notebooks/uni-project/PM-MOE-clean/system/moe_finetune.py", line 623, in <module>
    run(args)
  File "/content/drive/MyDrive/Colab Notebooks/uni-project/PM-MOE-clean/system/moe_finetune.py", line 441, in run
    server.moefinetune()
  File "/content/drive/MyDrive/Colab Notebooks/uni-project/PM-MOE-clean/system/flcore/servers/serverper.py", line 213, in moefinetune
    client.moe_finetune()  # clinet moe finetune
    ^^^^^^^^^^^^^^^^^^^^^
  File "/content/drive/MyDrive/Colab Notebooks/uni-project/PM-MOE-clean/system/flcore/clients/clientper.py", line 164, in moe_finetune
    output = self.model.moe(rep)
             ^^^^^^^^^^^^^^^^^^^
  File "/usr/local/lib/python3.12/dist-packages/torch/nn/modules/module.py", line 1773, in _wrapped_call_impl
    return self._call_impl(*args, **kwargs)
           ^^^^^^^^^^^^^^^^^^^^^^^^^^^^^^^^
  File "/usr/local/lib/python3.12/dist-packages/torch/nn/modules/module.py", line 1784, in _call_impl
    return forward_call(*args, **kwargs)
           ^^^^^^^^^^^^^^^^^^^^^^^^^^^^^
  File "/content/drive/MyDrive/Colab Notebooks/uni-project/PM-MOE-clean/system/flcore/trainmodel/moe/moe.py", line 131, in forward
    final_results = torch.stack(results)  
                    ^^^^^^^^^^^^^^^^^^^^
RuntimeError: stack expects each tensor to be equal size, but got [2, 10] at entry 0 and [1, 10] at entry 5
==================================================
Algorithm: PMOE_FedPer
Local batch size: 10
Local epochs: 1
Local learing rate: 0.005
Local learing rate decay: False
Total number of clients: 20
Clients join in each round: 1.0
Clients randomly join: False
Client drop rate: 0.0
Client select regarding time: False
Running times: 1
Dataset: MNIST
Number of classes: 10
Backbone: cnn
Using device: cuda
Using DP: False
Auto break: False
Global rounds: 2000
Cuda device id: 0
DLG attack: False
Total number of new clients: 0
Fine tuning epoches on new clients: 0
==================================================

============= Running time: 0th =============
Creating server and clients ...
FedAvgCNN(
  (conv1): Sequential(
    (0): Conv2d(1, 32, kernel_size=(5, 5), stride=(1, 1))
    (1): ReLU(inplace=True)
    (2): MaxPool2d(kernel_size=(2, 2), stride=(2, 2), padding=0, dilation=1, ceil_mode=False)
  )
  (conv2): Sequential(
    (0): Conv2d(32, 64, kernel_size=(5, 5), stride=(1, 1))
    (1): ReLU(inplace=True)
    (2): MaxPool2d(kernel_size=(2, 2), stride=(2, 2), padding=0, dilation=1, ceil_mode=False)
  )
  (fc1): Sequential(
    (0): Linear(in_features=1024, out_features=512, bias=True)
    (1): ReLU(inplace=True)
  )
  (fc): Linear(in_features=512, out_features=10, bias=True)
)

Join ratio / total clients: 1.0 / 20
Finished creating server and clients.

-------------Before evaluate:-------------
Averaged Train Loss: 0.4021
Averaged Test Accurancy: 0.8775
Averaged Test AUC: 0.9873
Std Test Accurancy: 0.0538
Std Test AUC: 0.0081

-------------MOE finetuning:-------------
client 0 start moe finetune !!!!
Traceback (most recent call last):
  File "/content/drive/MyDrive/Colab Notebooks/uni-project/PM-MOE-clean/system/moe_finetune.py", line 623, in <module>
    run(args)
  File "/content/drive/MyDrive/Colab Notebooks/uni-project/PM-MOE-clean/system/moe_finetune.py", line 441, in run
    server.moefinetune()
  File "/content/drive/MyDrive/Colab Notebooks/uni-project/PM-MOE-clean/system/flcore/servers/serverper.py", line 213, in moefinetune
    client.moe_finetune()  # clinet moe finetune
    ^^^^^^^^^^^^^^^^^^^^^
  File "/content/drive/MyDrive/Colab Notebooks/uni-project/PM-MOE-clean/system/flcore/clients/clientper.py", line 164, in moe_finetune
    output = self.model.moe(rep)
             ^^^^^^^^^^^^^^^^^^^
  File "/usr/local/lib/python3.12/dist-packages/torch/nn/modules/module.py", line 1773, in _wrapped_call_impl
    return self._call_impl(*args, **kwargs)
           ^^^^^^^^^^^^^^^^^^^^^^^^^^^^^^^^
  File "/usr/local/lib/python3.12/dist-packages/torch/nn/modules/module.py", line 1784, in _call_impl
    return forward_call(*args, **kwargs)
           ^^^^^^^^^^^^^^^^^^^^^^^^^^^^^
  File "/content/drive/MyDrive/Colab Notebooks/uni-project/PM-MOE-clean/system/flcore/trainmodel/moe/moe.py", line 151, in forward
    weights_x = weights.unsqueeze(-1).expand_as(final_results)
                ^^^^^^^^^^^^^^^^^^^^^^^^^^^^^^^^^^^^^^^^^^^^^^
RuntimeError: expand(torch.cuda.FloatTensor{[10, 1, 1]}, size=[10, 10]): the number of sizes provided (2) must be greater or equal to the number of dimensions in the tensor (3)
==================================================
Algorithm: PMOE_FedPer
Local batch size: 10
Local epochs: 1
Local learing rate: 0.005
Local learing rate decay: False
Total number of clients: 20
Clients join in each round: 1.0
Clients randomly join: False
Client drop rate: 0.0
Client select regarding time: False
Running times: 1
Dataset: MNIST
Number of classes: 10
Backbone: cnn
Using device: cuda
Using DP: False
Auto break: False
Global rounds: 2000
Cuda device id: 0
DLG attack: False
Total number of new clients: 0
Fine tuning epoches on new clients: 0
==================================================

============= Running time: 0th =============
Creating server and clients ...
FedAvgCNN(
  (conv1): Sequential(
    (0): Conv2d(1, 32, kernel_size=(5, 5), stride=(1, 1))
    (1): ReLU(inplace=True)
    (2): MaxPool2d(kernel_size=(2, 2), stride=(2, 2), padding=0, dilation=1, ceil_mode=False)
  )
  (conv2): Sequential(
    (0): Conv2d(32, 64, kernel_size=(5, 5), stride=(1, 1))
    (1): ReLU(inplace=True)
    (2): MaxPool2d(kernel_size=(2, 2), stride=(2, 2), padding=0, dilation=1, ceil_mode=False)
  )
  (fc1): Sequential(
    (0): Linear(in_features=1024, out_features=512, bias=True)
    (1): ReLU(inplace=True)
  )
  (fc): Linear(in_features=512, out_features=10, bias=True)
)

Join ratio / total clients: 1.0 / 20
Finished creating server and clients.

-------------Before evaluate:-------------
Averaged Train Loss: 0.4021
Averaged Test Accurancy: 0.8775
Averaged Test AUC: 0.9873
Std Test Accurancy: 0.0538
Std Test AUC: 0.0081

-------------MOE finetuning:-------------
client 0 start moe finetune !!!!
Traceback (most recent call last):
  File "/content/drive/MyDrive/Colab Notebooks/uni-project/PM-MOE-clean/system/moe_finetune.py", line 623, in <module>
    run(args)
  File "/content/drive/MyDrive/Colab Notebooks/uni-project/PM-MOE-clean/system/moe_finetune.py", line 441, in run
    server.moefinetune()
  File "/content/drive/MyDrive/Colab Notebooks/uni-project/PM-MOE-clean/system/flcore/servers/serverper.py", line 213, in moefinetune
    client.moe_finetune()  # clinet moe finetune
    ^^^^^^^^^^^^^^^^^^^^^
  File "/content/drive/MyDrive/Colab Notebooks/uni-project/PM-MOE-clean/system/flcore/clients/clientper.py", line 164, in moe_finetune
    output = self.model.moe(rep)
             ^^^^^^^^^^^^^^^^^^^
  File "/usr/local/lib/python3.12/dist-packages/torch/nn/modules/module.py", line 1773, in _wrapped_call_impl
    return self._call_impl(*args, **kwargs)
           ^^^^^^^^^^^^^^^^^^^^^^^^^^^^^^^^
  File "/usr/local/lib/python3.12/dist-packages/torch/nn/modules/module.py", line 1784, in _call_impl
    return forward_call(*args, **kwargs)
           ^^^^^^^^^^^^^^^^^^^^^^^^^^^^^
  File "/content/drive/MyDrive/Colab Notebooks/uni-project/PM-MOE-clean/system/flcore/trainmodel/moe/moe.py", line 151, in forward
    weights_x = weights.unsqueeze(-1).expand_as(final_results)
                ^^^^^^^^^^^^^^^^^^^^^^^^^^^^^^^^^^^^^^^^^^^^^^
RuntimeError: expand(torch.cuda.FloatTensor{[10, 1, 1]}, size=[10, 10]): the number of sizes provided (2) must be greater or equal to the number of dimensions in the tensor (3)
==================================================
Algorithm: PMOE_FedPer
Local batch size: 10
Local epochs: 1
Local learing rate: 0.005
Local learing rate decay: False
Total number of clients: 20
Clients join in each round: 1.0
Clients randomly join: False
Client drop rate: 0.0
Client select regarding time: False
Running times: 1
Dataset: MNIST
Number of classes: 10
Backbone: cnn
Using device: cuda
Using DP: False
Auto break: False
Global rounds: 2000
Cuda device id: 0
DLG attack: False
Total number of new clients: 0
Fine tuning epoches on new clients: 0
==================================================

============= Running time: 0th =============
Creating server and clients ...
FedAvgCNN(
  (conv1): Sequential(
    (0): Conv2d(1, 32, kernel_size=(5, 5), stride=(1, 1))
    (1): ReLU(inplace=True)
    (2): MaxPool2d(kernel_size=(2, 2), stride=(2, 2), padding=0, dilation=1, ceil_mode=False)
  )
  (conv2): Sequential(
    (0): Conv2d(32, 64, kernel_size=(5, 5), stride=(1, 1))
    (1): ReLU(inplace=True)
    (2): MaxPool2d(kernel_size=(2, 2), stride=(2, 2), padding=0, dilation=1, ceil_mode=False)
  )
  (fc1): Sequential(
    (0): Linear(in_features=1024, out_features=512, bias=True)
    (1): ReLU(inplace=True)
  )
  (fc): Linear(in_features=512, out_features=10, bias=True)
)

Join ratio / total clients: 1.0 / 20
Finished creating server and clients.

-------------Before evaluate:-------------
Averaged Train Loss: 0.4021
Averaged Test Accurancy: 0.8775
Averaged Test AUC: 0.9873
Std Test Accurancy: 0.0538
Std Test AUC: 0.0081

-------------MOE finetuning:-------------
client 0 start moe finetune !!!!
Traceback (most recent call last):
  File "/content/drive/MyDrive/Colab Notebooks/uni-project/PM-MOE-clean/system/moe_finetune.py", line 623, in <module>
    run(args)
  File "/content/drive/MyDrive/Colab Notebooks/uni-project/PM-MOE-clean/system/moe_finetune.py", line 441, in run
    server.moefinetune()
  File "/content/drive/MyDrive/Colab Notebooks/uni-project/PM-MOE-clean/system/flcore/servers/serverper.py", line 213, in moefinetune
    client.moe_finetune()  # clinet moe finetune
    ^^^^^^^^^^^^^^^^^^^^^
  File "/content/drive/MyDrive/Colab Notebooks/uni-project/PM-MOE-clean/system/flcore/clients/clientper.py", line 164, in moe_finetune
    output = self.model.moe(rep)
             ^^^^^^^^^^^^^^^^^^^
  File "/usr/local/lib/python3.12/dist-packages/torch/nn/modules/module.py", line 1773, in _wrapped_call_impl
    return self._call_impl(*args, **kwargs)
           ^^^^^^^^^^^^^^^^^^^^^^^^^^^^^^^^
  File "/usr/local/lib/python3.12/dist-packages/torch/nn/modules/module.py", line 1784, in _call_impl
    return forward_call(*args, **kwargs)
           ^^^^^^^^^^^^^^^^^^^^^^^^^^^^^
  File "/content/drive/MyDrive/Colab Notebooks/uni-project/PM-MOE-clean/system/flcore/trainmodel/moe/moe.py", line 176, in forward
    weights_x = weights.unsqueeze(-1).expand_as(final_results)
                ^^^^^^^^^^^^^^^^^^^^^^^^^^^^^^^^^^^^^^^^^^^^^^
RuntimeError: expand(torch.cuda.FloatTensor{[10, 1, 1]}, size=[10, 10]): the number of sizes provided (2) must be greater or equal to the number of dimensions in the tensor (3)
==================================================
Algorithm: PMOE_FedPer
Local batch size: 10
Local epochs: 1
Local learing rate: 0.005
Local learing rate decay: False
Total number of clients: 20
Clients join in each round: 1.0
Clients randomly join: False
Client drop rate: 0.0
Client select regarding time: False
Running times: 1
Dataset: MNIST
Number of classes: 10
Backbone: cnn
Using device: cuda
Using DP: False
Auto break: False
Global rounds: 2000
Cuda device id: 0
DLG attack: False
Total number of new clients: 0
Fine tuning epoches on new clients: 0
==================================================

============= Running time: 0th =============
Creating server and clients ...
FedAvgCNN(
  (conv1): Sequential(
    (0): Conv2d(1, 32, kernel_size=(5, 5), stride=(1, 1))
    (1): ReLU(inplace=True)
    (2): MaxPool2d(kernel_size=(2, 2), stride=(2, 2), padding=0, dilation=1, ceil_mode=False)
  )
  (conv2): Sequential(
    (0): Conv2d(32, 64, kernel_size=(5, 5), stride=(1, 1))
    (1): ReLU(inplace=True)
    (2): MaxPool2d(kernel_size=(2, 2), stride=(2, 2), padding=0, dilation=1, ceil_mode=False)
  )
  (fc1): Sequential(
    (0): Linear(in_features=1024, out_features=512, bias=True)
    (1): ReLU(inplace=True)
  )
  (fc): Linear(in_features=512, out_features=10, bias=True)
)

Join ratio / total clients: 1.0 / 20
Finished creating server and clients.

-------------Before evaluate:-------------
Averaged Train Loss: 0.4021
Averaged Test Accurancy: 0.8775
Averaged Test AUC: 0.9873
Std Test Accurancy: 0.0538
Std Test AUC: 0.0081

-------------MOE finetuning:-------------
client 0 start moe finetune !!!!
Traceback (most recent call last):
  File "/content/drive/MyDrive/Colab Notebooks/uni-project/PM-MOE-clean/system/moe_finetune.py", line 623, in <module>
    run(args)
  File "/content/drive/MyDrive/Colab Notebooks/uni-project/PM-MOE-clean/system/moe_finetune.py", line 441, in run
    server.moefinetune()
  File "/content/drive/MyDrive/Colab Notebooks/uni-project/PM-MOE-clean/system/flcore/servers/serverper.py", line 213, in moefinetune
    client.moe_finetune()  # clinet moe finetune
    ^^^^^^^^^^^^^^^^^^^^^
  File "/content/drive/MyDrive/Colab Notebooks/uni-project/PM-MOE-clean/system/flcore/clients/clientper.py", line 164, in moe_finetune
    output = self.model.moe(rep)
             ^^^^^^^^^^^^^^^^^^^
  File "/usr/local/lib/python3.12/dist-packages/torch/nn/modules/module.py", line 1773, in _wrapped_call_impl
    return self._call_impl(*args, **kwargs)
           ^^^^^^^^^^^^^^^^^^^^^^^^^^^^^^^^
  File "/usr/local/lib/python3.12/dist-packages/torch/nn/modules/module.py", line 1784, in _call_impl
    return forward_call(*args, **kwargs)
           ^^^^^^^^^^^^^^^^^^^^^^^^^^^^^
  File "/content/drive/MyDrive/Colab Notebooks/uni-project/PM-MOE-clean/system/flcore/trainmodel/moe/moe.py", line 178, in forward
    return torch.sum(final_results * weights_x, dim=1) 
                                     ^^^^^^^^^
NameError: name 'weights_x' is not defined. Did you mean: 'weights'?
==================================================
Algorithm: PMOE_FedPer
Local batch size: 10
Local epochs: 1
Local learing rate: 0.005
Local learing rate decay: False
Total number of clients: 20
Clients join in each round: 1.0
Clients randomly join: False
Client drop rate: 0.0
Client select regarding time: False
Running times: 1
Dataset: MNIST
Number of classes: 10
Backbone: cnn
Using device: cuda
Using DP: False
Auto break: False
Global rounds: 2000
Cuda device id: 0
DLG attack: False
Total number of new clients: 0
Fine tuning epoches on new clients: 0
==================================================

============= Running time: 0th =============
Creating server and clients ...
FedAvgCNN(
  (conv1): Sequential(
    (0): Conv2d(1, 32, kernel_size=(5, 5), stride=(1, 1))
    (1): ReLU(inplace=True)
    (2): MaxPool2d(kernel_size=(2, 2), stride=(2, 2), padding=0, dilation=1, ceil_mode=False)
  )
  (conv2): Sequential(
    (0): Conv2d(32, 64, kernel_size=(5, 5), stride=(1, 1))
    (1): ReLU(inplace=True)
    (2): MaxPool2d(kernel_size=(2, 2), stride=(2, 2), padding=0, dilation=1, ceil_mode=False)
  )
  (fc1): Sequential(
    (0): Linear(in_features=1024, out_features=512, bias=True)
    (1): ReLU(inplace=True)
  )
  (fc): Linear(in_features=512, out_features=10, bias=True)
)

Join ratio / total clients: 1.0 / 20
Finished creating server and clients.

-------------Before evaluate:-------------
Averaged Train Loss: 0.4021
Averaged Test Accurancy: 0.8775
Averaged Test AUC: 0.9873
Std Test Accurancy: 0.0538
Std Test AUC: 0.0081

-------------MOE finetuning:-------------
client 0 start moe finetune !!!!
Traceback (most recent call last):
  File "/content/drive/MyDrive/Colab Notebooks/uni-project/PM-MOE-clean/system/moe_finetune.py", line 623, in <module>
    run(args)
  File "/content/drive/MyDrive/Colab Notebooks/uni-project/PM-MOE-clean/system/moe_finetune.py", line 441, in run
    server.moefinetune()
  File "/content/drive/MyDrive/Colab Notebooks/uni-project/PM-MOE-clean/system/flcore/servers/serverper.py", line 213, in moefinetune
    client.moe_finetune()  # clinet moe finetune
    ^^^^^^^^^^^^^^^^^^^^^
  File "/content/drive/MyDrive/Colab Notebooks/uni-project/PM-MOE-clean/system/flcore/clients/clientper.py", line 164, in moe_finetune
    output = self.model.moe(rep)
             ^^^^^^^^^^^^^^^^^^^
  File "/usr/local/lib/python3.12/dist-packages/torch/nn/modules/module.py", line 1773, in _wrapped_call_impl
    return self._call_impl(*args, **kwargs)
           ^^^^^^^^^^^^^^^^^^^^^^^^^^^^^^^^
  File "/usr/local/lib/python3.12/dist-packages/torch/nn/modules/module.py", line 1784, in _call_impl
    return forward_call(*args, **kwargs)
           ^^^^^^^^^^^^^^^^^^^^^^^^^^^^^
  File "/content/drive/MyDrive/Colab Notebooks/uni-project/PM-MOE-clean/system/flcore/trainmodel/moe/moe.py", line 188, in forward
    return torch.sum(final_results * weights_x, dim=1) 
                                     ^^^^^^^^^
NameError: name 'weights_x' is not defined. Did you mean: 'weights'?
==================================================
Algorithm: PMOE_FedPer
Local batch size: 10
Local epochs: 1
Local learing rate: 0.005
Local learing rate decay: False
Total number of clients: 20
Clients join in each round: 1.0
Clients randomly join: False
Client drop rate: 0.0
Client select regarding time: False
Running times: 1
Dataset: MNIST
Number of classes: 10
Backbone: cnn
Using device: cuda
Using DP: False
Auto break: False
Global rounds: 2000
Cuda device id: 0
DLG attack: False
Total number of new clients: 0
Fine tuning epoches on new clients: 0
==================================================

============= Running time: 0th =============
Creating server and clients ...
FedAvgCNN(
  (conv1): Sequential(
    (0): Conv2d(1, 32, kernel_size=(5, 5), stride=(1, 1))
    (1): ReLU(inplace=True)
    (2): MaxPool2d(kernel_size=(2, 2), stride=(2, 2), padding=0, dilation=1, ceil_mode=False)
  )
  (conv2): Sequential(
    (0): Conv2d(32, 64, kernel_size=(5, 5), stride=(1, 1))
    (1): ReLU(inplace=True)
    (2): MaxPool2d(kernel_size=(2, 2), stride=(2, 2), padding=0, dilation=1, ceil_mode=False)
  )
  (fc1): Sequential(
    (0): Linear(in_features=1024, out_features=512, bias=True)
    (1): ReLU(inplace=True)
  )
  (fc): Linear(in_features=512, out_features=10, bias=True)
)

Join ratio / total clients: 1.0 / 20
Finished creating server and clients.

-------------Before evaluate:-------------
Averaged Train Loss: 0.4021
Averaged Test Accurancy: 0.8775
Averaged Test AUC: 0.9873
Std Test Accurancy: 0.0538
Std Test AUC: 0.0081

-------------MOE finetuning:-------------
client 0 start moe finetune !!!!
Traceback (most recent call last):
  File "/content/drive/MyDrive/Colab Notebooks/uni-project/PM-MOE-clean/system/moe_finetune.py", line 623, in <module>
    run(args)
  File "/content/drive/MyDrive/Colab Notebooks/uni-project/PM-MOE-clean/system/moe_finetune.py", line 441, in run
    server.moefinetune()
  File "/content/drive/MyDrive/Colab Notebooks/uni-project/PM-MOE-clean/system/flcore/servers/serverper.py", line 213, in moefinetune
    client.moe_finetune()  # clinet moe finetune
    ^^^^^^^^^^^^^^^^^^^^^
  File "/content/drive/MyDrive/Colab Notebooks/uni-project/PM-MOE-clean/system/flcore/clients/clientper.py", line 164, in moe_finetune
    output = self.model.moe(rep)
             ^^^^^^^^^^^^^^^^^^^
  File "/usr/local/lib/python3.12/dist-packages/torch/nn/modules/module.py", line 1773, in _wrapped_call_impl
    return self._call_impl(*args, **kwargs)
           ^^^^^^^^^^^^^^^^^^^^^^^^^^^^^^^^
  File "/usr/local/lib/python3.12/dist-packages/torch/nn/modules/module.py", line 1784, in _call_impl
    return forward_call(*args, **kwargs)
           ^^^^^^^^^^^^^^^^^^^^^^^^^^^^^
  File "/content/drive/MyDrive/Colab Notebooks/uni-project/PM-MOE-clean/system/flcore/trainmodel/moe/moe.py", line 188, in forward
    return torch.sum(final_results * weights_x, dim=1) 
                                     ^^^^^^^^^
NameError: name 'weights_x' is not defined. Did you mean: 'weights'?
==================================================
Algorithm: PMOE_FedPer
Local batch size: 10
Local epochs: 1
Local learing rate: 0.005
Local learing rate decay: False
Total number of clients: 20
Clients join in each round: 1.0
Clients randomly join: False
Client drop rate: 0.0
Client select regarding time: False
Running times: 1
Dataset: MNIST
Number of classes: 10
Backbone: cnn
Using device: cuda
Using DP: False
Auto break: False
Global rounds: 2000
Cuda device id: 0
DLG attack: False
Total number of new clients: 0
Fine tuning epoches on new clients: 0
==================================================

============= Running time: 0th =============
Creating server and clients ...
FedAvgCNN(
  (conv1): Sequential(
    (0): Conv2d(1, 32, kernel_size=(5, 5), stride=(1, 1))
    (1): ReLU(inplace=True)
    (2): MaxPool2d(kernel_size=(2, 2), stride=(2, 2), padding=0, dilation=1, ceil_mode=False)
  )
  (conv2): Sequential(
    (0): Conv2d(32, 64, kernel_size=(5, 5), stride=(1, 1))
    (1): ReLU(inplace=True)
    (2): MaxPool2d(kernel_size=(2, 2), stride=(2, 2), padding=0, dilation=1, ceil_mode=False)
  )
  (fc1): Sequential(
    (0): Linear(in_features=1024, out_features=512, bias=True)
    (1): ReLU(inplace=True)
  )
  (fc): Linear(in_features=512, out_features=10, bias=True)
)

Join ratio / total clients: 1.0 / 20
Finished creating server and clients.

-------------Before evaluate:-------------
Averaged Train Loss: 0.4031
Averaged Test Accurancy: 0.8773
Averaged Test AUC: 0.9873
Std Test Accurancy: 0.0535
Std Test AUC: 0.0080

-------------MOE finetuning:-------------
client 0 start moe finetune !!!!
Traceback (most recent call last):
  File "/content/drive/MyDrive/Colab Notebooks/uni-project/PM-MOE-clean/system/moe_finetune.py", line 623, in <module>
    run(args)
  File "/content/drive/MyDrive/Colab Notebooks/uni-project/PM-MOE-clean/system/moe_finetune.py", line 441, in run
    server.moefinetune()
  File "/content/drive/MyDrive/Colab Notebooks/uni-project/PM-MOE-clean/system/flcore/servers/serverper.py", line 213, in moefinetune
    client.moe_finetune()  # clinet moe finetune
    ^^^^^^^^^^^^^^^^^^^^^
  File "/content/drive/MyDrive/Colab Notebooks/uni-project/PM-MOE-clean/system/flcore/clients/clientper.py", line 165, in moe_finetune
    output = self.model.moe(rep)
             ^^^^^^^^^^^^^^^^^^^
  File "/usr/local/lib/python3.12/dist-packages/torch/nn/modules/module.py", line 1773, in _wrapped_call_impl
    return self._call_impl(*args, **kwargs)
           ^^^^^^^^^^^^^^^^^^^^^^^^^^^^^^^^
  File "/usr/local/lib/python3.12/dist-packages/torch/nn/modules/module.py", line 1784, in _call_impl
    return forward_call(*args, **kwargs)
           ^^^^^^^^^^^^^^^^^^^^^^^^^^^^^
  File "/content/drive/MyDrive/Colab Notebooks/uni-project/PM-MOE-clean/system/flcore/trainmodel/moe/moe.py", line 188, in forward
    return torch.sum(final_results * weights_x, dim=1) 
                                     ^^^^^^^^^
NameError: name 'weights_x' is not defined. Did you mean: 'weights'?
==================================================
Algorithm: PMOE_FedPer
Local batch size: 10
Local epochs: 1
Local learing rate: 0.005
Local learing rate decay: False
Total number of clients: 20
Clients join in each round: 1.0
Clients randomly join: False
Client drop rate: 0.0
Client select regarding time: False
Running times: 1
Dataset: MNIST
Number of classes: 10
Backbone: cnn
Using device: cuda
Using DP: False
Auto break: False
Global rounds: 2000
Cuda device id: 0
DLG attack: False
Total number of new clients: 0
Fine tuning epoches on new clients: 0
==================================================

============= Running time: 0th =============
Creating server and clients ...
FedAvgCNN(
  (conv1): Sequential(
    (0): Conv2d(1, 32, kernel_size=(5, 5), stride=(1, 1))
    (1): ReLU(inplace=True)
    (2): MaxPool2d(kernel_size=(2, 2), stride=(2, 2), padding=0, dilation=1, ceil_mode=False)
  )
  (conv2): Sequential(
    (0): Conv2d(32, 64, kernel_size=(5, 5), stride=(1, 1))
    (1): ReLU(inplace=True)
    (2): MaxPool2d(kernel_size=(2, 2), stride=(2, 2), padding=0, dilation=1, ceil_mode=False)
  )
  (fc1): Sequential(
    (0): Linear(in_features=1024, out_features=512, bias=True)
    (1): ReLU(inplace=True)
  )
  (fc): Linear(in_features=512, out_features=10, bias=True)
)

Join ratio / total clients: 1.0 / 20
Finished creating server and clients.

-------------Before evaluate:-------------
Averaged Train Loss: 0.4031
Averaged Test Accurancy: 0.8773
Averaged Test AUC: 0.9873
Std Test Accurancy: 0.0535
Std Test AUC: 0.0080

-------------MOE finetuning:-------------
client 0 start moe finetune !!!!
Traceback (most recent call last):
  File "/content/drive/MyDrive/Colab Notebooks/uni-project/PM-MOE-clean/system/moe_finetune.py", line 623, in <module>
    run(args)
  File "/content/drive/MyDrive/Colab Notebooks/uni-project/PM-MOE-clean/system/moe_finetune.py", line 441, in run
    server.moefinetune()
  File "/content/drive/MyDrive/Colab Notebooks/uni-project/PM-MOE-clean/system/flcore/servers/serverper.py", line 213, in moefinetune
    client.moe_finetune()  # clinet moe finetune
    ^^^^^^^^^^^^^^^^^^^^^
  File "/content/drive/MyDrive/Colab Notebooks/uni-project/PM-MOE-clean/system/flcore/clients/clientper.py", line 165, in moe_finetune
    output = self.model.moe(rep)
             ^^^^^^^^^^^^^^^^^^^
  File "/usr/local/lib/python3.12/dist-packages/torch/nn/modules/module.py", line 1773, in _wrapped_call_impl
    return self._call_impl(*args, **kwargs)
           ^^^^^^^^^^^^^^^^^^^^^^^^^^^^^^^^
  File "/usr/local/lib/python3.12/dist-packages/torch/nn/modules/module.py", line 1784, in _call_impl
    return forward_call(*args, **kwargs)
           ^^^^^^^^^^^^^^^^^^^^^^^^^^^^^
  File "/content/drive/MyDrive/Colab Notebooks/uni-project/PM-MOE-clean/system/flcore/trainmodel/moe/moe.py", line 188, in forward
    return torch.sum(final_results * weights_x, dim=1) 
                                     ^^^^^^^^^
NameError: name 'weights_x' is not defined. Did you mean: 'weights'?
==================================================
Algorithm: PMOE_FedPer
Local batch size: 10
Local epochs: 1
Local learing rate: 0.005
Local learing rate decay: False
Total number of clients: 20
Clients join in each round: 1.0
Clients randomly join: False
Client drop rate: 0.0
Client select regarding time: False
Running times: 1
Dataset: MNIST
Number of classes: 10
Backbone: cnn
Using device: cuda
Using DP: False
Auto break: False
Global rounds: 2000
Cuda device id: 0
DLG attack: False
Total number of new clients: 0
Fine tuning epoches on new clients: 0
==================================================

============= Running time: 0th =============
Creating server and clients ...
FedAvgCNN(
  (conv1): Sequential(
    (0): Conv2d(1, 32, kernel_size=(5, 5), stride=(1, 1))
    (1): ReLU(inplace=True)
    (2): MaxPool2d(kernel_size=(2, 2), stride=(2, 2), padding=0, dilation=1, ceil_mode=False)
  )
  (conv2): Sequential(
    (0): Conv2d(32, 64, kernel_size=(5, 5), stride=(1, 1))
    (1): ReLU(inplace=True)
    (2): MaxPool2d(kernel_size=(2, 2), stride=(2, 2), padding=0, dilation=1, ceil_mode=False)
  )
  (fc1): Sequential(
    (0): Linear(in_features=1024, out_features=512, bias=True)
    (1): ReLU(inplace=True)
  )
  (fc): Linear(in_features=512, out_features=10, bias=True)
)

Join ratio / total clients: 1.0 / 20
Finished creating server and clients.

-------------Before evaluate:-------------
Averaged Train Loss: 0.4031
Averaged Test Accurancy: 0.8773
Averaged Test AUC: 0.9873
Std Test Accurancy: 0.0535
Std Test AUC: 0.0080

-------------MOE finetuning:-------------
client 0 start moe finetune !!!!
Traceback (most recent call last):
  File "/content/drive/MyDrive/Colab Notebooks/uni-project/PM-MOE-clean/system/moe_finetune.py", line 623, in <module>
    run(args)
  File "/content/drive/MyDrive/Colab Notebooks/uni-project/PM-MOE-clean/system/moe_finetune.py", line 441, in run
    server.moefinetune()
  File "/content/drive/MyDrive/Colab Notebooks/uni-project/PM-MOE-clean/system/flcore/servers/serverper.py", line 213, in moefinetune
    client.moe_finetune()  # clinet moe finetune
    ^^^^^^^^^^^^^^^^^^^^^
  File "/content/drive/MyDrive/Colab Notebooks/uni-project/PM-MOE-clean/system/flcore/clients/clientper.py", line 168, in moe_finetune
    loss.backward()
  File "/usr/local/lib/python3.12/dist-packages/torch/_tensor.py", line 647, in backward
    torch.autograd.backward(
  File "/usr/local/lib/python3.12/dist-packages/torch/autograd/__init__.py", line 354, in backward
    _engine_run_backward(
  File "/usr/local/lib/python3.12/dist-packages/torch/autograd/graph.py", line 829, in _engine_run_backward
    return Variable._execution_engine.run_backward(  # Calls into the C++ engine to run the backward pass
           ^^^^^^^^^^^^^^^^^^^^^^^^^^^^^^^^^^^^^^^^^^^^^^^^^^^^^^^^^^^^^^^^^^^^^^^^^^^^^^^^^^^^^^^^^^^^^^
RuntimeError: element 0 of tensors does not require grad and does not have a grad_fn
Traceback (most recent call last):
  File "/content/drive/MyDrive/Colab Notebooks/uni-project/PM-MOE-clean/system/moe_finetune.py", line 22, in <module>
    from flcore.servers.serverper import FedPer, PMOE_FedPer
  File "/content/drive/MyDrive/Colab Notebooks/uni-project/PM-MOE-clean/system/flcore/servers/serverper.py", line 20, in <module>
    from flcore.clients.clientper import clientPer, PMOE_clientPer
  File "/content/drive/MyDrive/Colab Notebooks/uni-project/PM-MOE-clean/system/flcore/clients/clientper.py", line 55
    self.optimizer.step()
IndentationError: unexpected indent
Traceback (most recent call last):
  File "/content/drive/MyDrive/Colab Notebooks/uni-project/PM-MOE-clean/system/moe_finetune.py", line 22, in <module>
    from flcore.servers.serverper import FedPer, PMOE_FedPer
  File "/content/drive/MyDrive/Colab Notebooks/uni-project/PM-MOE-clean/system/flcore/servers/serverper.py", line 20, in <module>
    from flcore.clients.clientper import clientPer, PMOE_clientPer
  File "/content/drive/MyDrive/Colab Notebooks/uni-project/PM-MOE-clean/system/flcore/clients/clientper.py", line 55
    self.optimizer.step()
IndentationError: unexpected indent
Traceback (most recent call last):
  File "/content/drive/MyDrive/Colab Notebooks/uni-project/PM-MOE-clean/system/moe_finetune.py", line 22, in <module>
    from flcore.servers.serverper import FedPer, PMOE_FedPer
  File "/content/drive/MyDrive/Colab Notebooks/uni-project/PM-MOE-clean/system/flcore/servers/serverper.py", line 20, in <module>
    from flcore.clients.clientper import clientPer, PMOE_clientPer
  File "/content/drive/MyDrive/Colab Notebooks/uni-project/PM-MOE-clean/system/flcore/clients/clientper.py", line 55
    self.optimizer.step()
IndentationError: unexpected indent
Traceback (most recent call last):
  File "/content/drive/MyDrive/Colab Notebooks/uni-project/PM-MOE-clean/system/moe_finetune.py", line 22, in <module>
    from flcore.servers.serverper import FedPer, PMOE_FedPer
  File "/content/drive/MyDrive/Colab Notebooks/uni-project/PM-MOE-clean/system/flcore/servers/serverper.py", line 20, in <module>
    from flcore.clients.clientper import clientPer, PMOE_clientPer
  File "/content/drive/MyDrive/Colab Notebooks/uni-project/PM-MOE-clean/system/flcore/clients/clientper.py", line 56
    self.optimizer.step()
IndentationError: unexpected indent
Traceback (most recent call last):
  File "/content/drive/MyDrive/Colab Notebooks/uni-project/PM-MOE-clean/system/moe_finetune.py", line 22, in <module>
    from flcore.servers.serverper import FedPer, PMOE_FedPer
  File "/content/drive/MyDrive/Colab Notebooks/uni-project/PM-MOE-clean/system/flcore/servers/serverper.py", line 20, in <module>
    from flcore.clients.clientper import clientPer, PMOE_clientPer
  File "/content/drive/MyDrive/Colab Notebooks/uni-project/PM-MOE-clean/system/flcore/clients/clientper.py", line 57
    self.optimizer.step()
IndentationError: unexpected indent
==================================================
Algorithm: PMOE_FedPer
Local batch size: 10
Local epochs: 1
Local learing rate: 0.005
Local learing rate decay: False
Total number of clients: 20
Clients join in each round: 1.0
Clients randomly join: False
Client drop rate: 0.0
Client select regarding time: False
Running times: 1
Dataset: MNIST
Number of classes: 10
Backbone: cnn
Using device: cuda
Using DP: False
Auto break: False
Global rounds: 2000
Cuda device id: 0
DLG attack: False
Total number of new clients: 0
Fine tuning epoches on new clients: 0
==================================================

============= Running time: 0th =============
Creating server and clients ...
FedAvgCNN(
  (conv1): Sequential(
    (0): Conv2d(1, 32, kernel_size=(5, 5), stride=(1, 1))
    (1): ReLU(inplace=True)
    (2): MaxPool2d(kernel_size=(2, 2), stride=(2, 2), padding=0, dilation=1, ceil_mode=False)
  )
  (conv2): Sequential(
    (0): Conv2d(32, 64, kernel_size=(5, 5), stride=(1, 1))
    (1): ReLU(inplace=True)
    (2): MaxPool2d(kernel_size=(2, 2), stride=(2, 2), padding=0, dilation=1, ceil_mode=False)
  )
  (fc1): Sequential(
    (0): Linear(in_features=1024, out_features=512, bias=True)
    (1): ReLU(inplace=True)
  )
  (fc): Linear(in_features=512, out_features=10, bias=True)
)

Join ratio / total clients: 1.0 / 20
Finished creating server and clients.

-------------Before evaluate:-------------
Averaged Train Loss: 0.4031
Averaged Test Accurancy: 0.8773
Averaged Test AUC: 0.9873
Std Test Accurancy: 0.0535
Std Test AUC: 0.0080

-------------MOE finetuning:-------------
client 0 start moe finetune !!!!
Traceback (most recent call last):
  File "/content/drive/MyDrive/Colab Notebooks/uni-project/PM-MOE-clean/system/moe_finetune.py", line 623, in <module>
    run(args)
  File "/content/drive/MyDrive/Colab Notebooks/uni-project/PM-MOE-clean/system/moe_finetune.py", line 441, in run
    server.moefinetune()
  File "/content/drive/MyDrive/Colab Notebooks/uni-project/PM-MOE-clean/system/flcore/servers/serverper.py", line 213, in moefinetune
    client.moe_finetune()  # clinet moe finetune
    ^^^^^^^^^^^^^^^^^^^^^
  File "/content/drive/MyDrive/Colab Notebooks/uni-project/PM-MOE-clean/system/flcore/clients/clientper.py", line 173, in moe_finetune
    loss.backward()
  File "/usr/local/lib/python3.12/dist-packages/torch/_tensor.py", line 647, in backward
    torch.autograd.backward(
  File "/usr/local/lib/python3.12/dist-packages/torch/autograd/__init__.py", line 354, in backward
    _engine_run_backward(
  File "/usr/local/lib/python3.12/dist-packages/torch/autograd/graph.py", line 829, in _engine_run_backward
    return Variable._execution_engine.run_backward(  # Calls into the C++ engine to run the backward pass
           ^^^^^^^^^^^^^^^^^^^^^^^^^^^^^^^^^^^^^^^^^^^^^^^^^^^^^^^^^^^^^^^^^^^^^^^^^^^^^^^^^^^^^^^^^^^^^^
RuntimeError: element 0 of tensors does not require grad and does not have a grad_fn
Traceback (most recent call last):
  File "/content/drive/MyDrive/Colab Notebooks/uni-project/PM-MOE-clean/system/moe_finetune.py", line 22, in <module>
    from flcore.servers.serverper import FedPer, PMOE_FedPer
  File "/content/drive/MyDrive/Colab Notebooks/uni-project/PM-MOE-clean/system/flcore/servers/serverper.py", line 20, in <module>
    from flcore.clients.clientper import clientPer, PMOE_clientPer
  File "/content/drive/MyDrive/Colab Notebooks/uni-project/PM-MOE-clean/system/flcore/clients/clientper.py", line 66
    for new_param, old_param in zip(model.parameters(), self.model.base.parameters()):
    ^^^
IndentationError: expected an indented block after function definition on line 65
Traceback (most recent call last):
  File "/content/drive/MyDrive/Colab Notebooks/uni-project/PM-MOE-clean/system/moe_finetune.py", line 22, in <module>
    from flcore.servers.serverper import FedPer, PMOE_FedPer
  File "/content/drive/MyDrive/Colab Notebooks/uni-project/PM-MOE-clean/system/flcore/servers/serverper.py", line 20, in <module>
    from flcore.clients.clientper import clientPer, PMOE_clientPer
  File "/content/drive/MyDrive/Colab Notebooks/uni-project/PM-MOE-clean/system/flcore/clients/clientper.py", line 65
    for new_param, old_param in zip(model.parameters(), self.model.base.parameters()):
    ^^^
IndentationError: expected an indented block after function definition on line 64
Traceback (most recent call last):
  File "/content/drive/MyDrive/Colab Notebooks/uni-project/PM-MOE-clean/system/moe_finetune.py", line 22, in <module>
    from flcore.servers.serverper import FedPer, PMOE_FedPer
  File "/content/drive/MyDrive/Colab Notebooks/uni-project/PM-MOE-clean/system/flcore/servers/serverper.py", line 20, in <module>
    from flcore.clients.clientper import clientPer, PMOE_clientPer
  File "/content/drive/MyDrive/Colab Notebooks/uni-project/PM-MOE-clean/system/flcore/clients/clientper.py", line 65
    for new_param, old_param in zip(model.parameters(), self.model.base.parameters()):
    ^^^
IndentationError: expected an indented block after function definition on line 64
Traceback (most recent call last):
  File "/content/drive/MyDrive/Colab Notebooks/uni-project/PM-MOE-clean/system/moe_finetune.py", line 22, in <module>
    from flcore.servers.serverper import FedPer, PMOE_FedPer
  File "/content/drive/MyDrive/Colab Notebooks/uni-project/PM-MOE-clean/system/flcore/servers/serverper.py", line 20, in <module>
    from flcore.clients.clientper import clientPer, PMOE_clientPer
  File "/content/drive/MyDrive/Colab Notebooks/uni-project/PM-MOE-clean/system/flcore/clients/clientper.py", line 65
    for new_param, old_param in zip(model.parameters(), self.model.base.parameters()):
    ^^^
IndentationError: expected an indented block after function definition on line 64

cuda is not avaiable.

==================================================
Algorithm: PMOE_FedPer
Local batch size: 10
Local epochs: 1
Local learing rate: 0.005
Local learing rate decay: False
Total number of clients: 20
Clients join in each round: 1.0
Clients randomly join: False
Client drop rate: 0.0
Client select regarding time: False
Running times: 1
Dataset: MNIST
Number of classes: 10
Backbone: cnn
Using device: cpu
Using DP: False
Auto break: False
Global rounds: 2000
DLG attack: False
Total number of new clients: 0
Fine tuning epoches on new clients: 0
==================================================

============= Running time: 0th =============
Creating server and clients ...
FedAvgCNN(
  (conv1): Sequential(
    (0): Conv2d(1, 32, kernel_size=(5, 5), stride=(1, 1))
    (1): ReLU(inplace=True)
    (2): MaxPool2d(kernel_size=(2, 2), stride=(2, 2), padding=0, dilation=1, ceil_mode=False)
  )
  (conv2): Sequential(
    (0): Conv2d(32, 64, kernel_size=(5, 5), stride=(1, 1))
    (1): ReLU(inplace=True)
    (2): MaxPool2d(kernel_size=(2, 2), stride=(2, 2), padding=0, dilation=1, ceil_mode=False)
  )
  (fc1): Sequential(
    (0): Linear(in_features=1024, out_features=512, bias=True)
    (1): ReLU(inplace=True)
  )
  (fc): Linear(in_features=512, out_features=10, bias=True)
)

Join ratio / total clients: 1.0 / 20
Finished creating server and clients.

-------------Before evaluate:-------------
Averaged Train Loss: 0.4041
Averaged Test Accurancy: 0.8758
Averaged Test AUC: 0.9871
Std Test Accurancy: 0.0526
Std Test AUC: 0.0080

-------------MOE finetuning:-------------
client 0 start moe finetune !!!!
Traceback (most recent call last):
  File "/content/drive/MyDrive/Colab Notebooks/uni-project/PM-MOE-clean/system/moe_finetune.py", line 623, in <module>
    run(args)
  File "/content/drive/MyDrive/Colab Notebooks/uni-project/PM-MOE-clean/system/moe_finetune.py", line 441, in run
    server.moefinetune()
  File "/content/drive/MyDrive/Colab Notebooks/uni-project/PM-MOE-clean/system/flcore/servers/serverper.py", line 213, in moefinetune
    client.moe_finetune()  # clinet moe finetune
    ^^^^^^^^^^^^^^^^^^^^^
  File "/content/drive/MyDrive/Colab Notebooks/uni-project/PM-MOE-clean/system/flcore/clients/clientper.py", line 163, in moe_finetune
    output = self.model.moe(rep)
             ^^^^^^^^^^^^^^^^^^^
  File "/usr/local/lib/python3.12/dist-packages/torch/nn/modules/module.py", line 1773, in _wrapped_call_impl
    return self._call_impl(*args, **kwargs)
           ^^^^^^^^^^^^^^^^^^^^^^^^^^^^^^^^
  File "/usr/local/lib/python3.12/dist-packages/torch/nn/modules/module.py", line 1784, in _call_impl
    return forward_call(*args, **kwargs)
           ^^^^^^^^^^^^^^^^^^^^^^^^^^^^^
  File "/content/drive/MyDrive/Colab Notebooks/uni-project/PM-MOE-clean/system/flcore/trainmodel/moe/moe.py", line 107, in forward
    rep_ori = self.experts[self.args.id](x[i]) # 10
                           ^^^^^^^^^^^^
AttributeError: 'Namespace' object has no attribute 'id'

cuda is not avaiable.

==================================================
Algorithm: PMOE_FedPer
Local batch size: 10
Local epochs: 1
Local learing rate: 0.005
Local learing rate decay: False
Total number of clients: 20
Clients join in each round: 1.0
Clients randomly join: False
Client drop rate: 0.0
Client select regarding time: False
Running times: 1
Dataset: MNIST
Number of classes: 10
Backbone: cnn
Using device: cpu
Using DP: False
Auto break: False
Global rounds: 2000
DLG attack: False
Total number of new clients: 0
Fine tuning epoches on new clients: 0
==================================================

============= Running time: 0th =============
Creating server and clients ...
FedAvgCNN(
  (conv1): Sequential(
    (0): Conv2d(1, 32, kernel_size=(5, 5), stride=(1, 1))
    (1): ReLU(inplace=True)
    (2): MaxPool2d(kernel_size=(2, 2), stride=(2, 2), padding=0, dilation=1, ceil_mode=False)
  )
  (conv2): Sequential(
    (0): Conv2d(32, 64, kernel_size=(5, 5), stride=(1, 1))
    (1): ReLU(inplace=True)
    (2): MaxPool2d(kernel_size=(2, 2), stride=(2, 2), padding=0, dilation=1, ceil_mode=False)
  )
  (fc1): Sequential(
    (0): Linear(in_features=1024, out_features=512, bias=True)
    (1): ReLU(inplace=True)
  )
  (fc): Linear(in_features=512, out_features=10, bias=True)
)

Join ratio / total clients: 1.0 / 20
Finished creating server and clients.

-------------Before evaluate:-------------
Averaged Train Loss: 0.4041
Averaged Test Accurancy: 0.8758
Averaged Test AUC: 0.9871
Std Test Accurancy: 0.0526
Std Test AUC: 0.0080

-------------MOE finetuning:-------------
client 0 start moe finetune !!!!
Traceback (most recent call last):
  File "/content/drive/MyDrive/Colab Notebooks/uni-project/PM-MOE-clean/system/moe_finetune.py", line 623, in <module>
    run(args)
  File "/content/drive/MyDrive/Colab Notebooks/uni-project/PM-MOE-clean/system/moe_finetune.py", line 441, in run
    server.moefinetune()
  File "/content/drive/MyDrive/Colab Notebooks/uni-project/PM-MOE-clean/system/flcore/servers/serverper.py", line 213, in moefinetune
    client.moe_finetune()  # clinet moe finetune
    ^^^^^^^^^^^^^^^^^^^^^
  File "/content/drive/MyDrive/Colab Notebooks/uni-project/PM-MOE-clean/system/flcore/clients/clientper.py", line 163, in moe_finetune
    output = self.model.moe(rep)
             ^^^^^^^^^^^^^^^^^^^
  File "/usr/local/lib/python3.12/dist-packages/torch/nn/modules/module.py", line 1773, in _wrapped_call_impl
    return self._call_impl(*args, **kwargs)
           ^^^^^^^^^^^^^^^^^^^^^^^^^^^^^^^^
  File "/usr/local/lib/python3.12/dist-packages/torch/nn/modules/module.py", line 1784, in _call_impl
    return forward_call(*args, **kwargs)
           ^^^^^^^^^^^^^^^^^^^^^^^^^^^^^
  File "/content/drive/MyDrive/Colab Notebooks/uni-project/PM-MOE-clean/system/flcore/trainmodel/moe/moe.py", line 107, in forward
    rep_ori = self.experts[self.args.id](x[i]) # 10
                           ^^^^^^^^^^^^
AttributeError: 'Namespace' object has no attribute 'id'

cuda is not avaiable.

==================================================
Algorithm: PMOE_FedPer
Local batch size: 10
Local epochs: 1
Local learing rate: 0.005
Local learing rate decay: False
Total number of clients: 20
Clients join in each round: 1.0
Clients randomly join: False
Client drop rate: 0.0
Client select regarding time: False
Running times: 1
Dataset: MNIST
Number of classes: 10
Backbone: cnn
Using device: cpu
Using DP: False
Auto break: False
Global rounds: 2000
DLG attack: False
Total number of new clients: 0
Fine tuning epoches on new clients: 0
==================================================

============= Running time: 0th =============
Creating server and clients ...
FedAvgCNN(
  (conv1): Sequential(
    (0): Conv2d(1, 32, kernel_size=(5, 5), stride=(1, 1))
    (1): ReLU(inplace=True)
    (2): MaxPool2d(kernel_size=(2, 2), stride=(2, 2), padding=0, dilation=1, ceil_mode=False)
  )
  (conv2): Sequential(
    (0): Conv2d(32, 64, kernel_size=(5, 5), stride=(1, 1))
    (1): ReLU(inplace=True)
    (2): MaxPool2d(kernel_size=(2, 2), stride=(2, 2), padding=0, dilation=1, ceil_mode=False)
  )
  (fc1): Sequential(
    (0): Linear(in_features=1024, out_features=512, bias=True)
    (1): ReLU(inplace=True)
  )
  (fc): Linear(in_features=512, out_features=10, bias=True)
)

Join ratio / total clients: 1.0 / 20
Finished creating server and clients.

-------------Before evaluate:-------------
Averaged Train Loss: 0.4041
Averaged Test Accurancy: 0.8758
Averaged Test AUC: 0.9871
Std Test Accurancy: 0.0526
Std Test AUC: 0.0080

-------------MOE finetuning:-------------
client 0 start moe finetune !!!!
Traceback (most recent call last):
  File "/content/drive/MyDrive/Colab Notebooks/uni-project/PM-MOE-clean/system/moe_finetune.py", line 623, in <module>
    run(args)
  File "/content/drive/MyDrive/Colab Notebooks/uni-project/PM-MOE-clean/system/moe_finetune.py", line 441, in run
    server.moefinetune()
  File "/content/drive/MyDrive/Colab Notebooks/uni-project/PM-MOE-clean/system/flcore/servers/serverper.py", line 213, in moefinetune
    client.moe_finetune()  # clinet moe finetune
    ^^^^^^^^^^^^^^^^^^^^^
  File "/content/drive/MyDrive/Colab Notebooks/uni-project/PM-MOE-clean/system/flcore/clients/clientper.py", line 163, in moe_finetune
    output = self.model.moe(rep)
             ^^^^^^^^^^^^^^^^^^^
  File "/usr/local/lib/python3.12/dist-packages/torch/nn/modules/module.py", line 1773, in _wrapped_call_impl
    return self._call_impl(*args, **kwargs)
           ^^^^^^^^^^^^^^^^^^^^^^^^^^^^^^^^
  File "/usr/local/lib/python3.12/dist-packages/torch/nn/modules/module.py", line 1784, in _call_impl
    return forward_call(*args, **kwargs)
           ^^^^^^^^^^^^^^^^^^^^^^^^^^^^^
  File "/content/drive/MyDrive/Colab Notebooks/uni-project/PM-MOE-clean/system/flcore/trainmodel/moe/moe.py", line 107, in forward
    rep_ori = self.experts[self.args.id](x[i]) # 10
                           ^^^^^^^^^^^^
AttributeError: 'Namespace' object has no attribute 'id'

cuda is not avaiable.

==================================================
Algorithm: PMOE_FedPer
Local batch size: 10
Local epochs: 1
Local learing rate: 0.005
Local learing rate decay: False
Total number of clients: 20
Clients join in each round: 1.0
Clients randomly join: False
Client drop rate: 0.0
Client select regarding time: False
Running times: 1
Dataset: MNIST
Number of classes: 10
Backbone: cnn
Using device: cpu
Using DP: False
Auto break: False
Global rounds: 2000
DLG attack: False
Total number of new clients: 0
Fine tuning epoches on new clients: 0
==================================================

============= Running time: 0th =============
Creating server and clients ...
FedAvgCNN(
  (conv1): Sequential(
    (0): Conv2d(1, 32, kernel_size=(5, 5), stride=(1, 1))
    (1): ReLU(inplace=True)
    (2): MaxPool2d(kernel_size=(2, 2), stride=(2, 2), padding=0, dilation=1, ceil_mode=False)
  )
  (conv2): Sequential(
    (0): Conv2d(32, 64, kernel_size=(5, 5), stride=(1, 1))
    (1): ReLU(inplace=True)
    (2): MaxPool2d(kernel_size=(2, 2), stride=(2, 2), padding=0, dilation=1, ceil_mode=False)
  )
  (fc1): Sequential(
    (0): Linear(in_features=1024, out_features=512, bias=True)
    (1): ReLU(inplace=True)
  )
  (fc): Linear(in_features=512, out_features=10, bias=True)
)

Join ratio / total clients: 1.0 / 20
Finished creating server and clients.

-------------Before evaluate:-------------
Averaged Train Loss: 0.4041
Averaged Test Accurancy: 0.8758
Averaged Test AUC: 0.9871
Std Test Accurancy: 0.0526
Std Test AUC: 0.0080

-------------MOE finetuning:-------------
client 0 start moe finetune !!!!
Traceback (most recent call last):
  File "/content/drive/MyDrive/Colab Notebooks/uni-project/PM-MOE-clean/system/moe_finetune.py", line 623, in <module>
    run(args)
  File "/content/drive/MyDrive/Colab Notebooks/uni-project/PM-MOE-clean/system/moe_finetune.py", line 441, in run
    server.moefinetune()
  File "/content/drive/MyDrive/Colab Notebooks/uni-project/PM-MOE-clean/system/flcore/servers/serverper.py", line 213, in moefinetune
    client.moe_finetune()  # clinet moe finetune
    ^^^^^^^^^^^^^^^^^^^^^
  File "/content/drive/MyDrive/Colab Notebooks/uni-project/PM-MOE-clean/system/flcore/clients/clientper.py", line 172, in moe_finetune
    loss.backward()
  File "/usr/local/lib/python3.12/dist-packages/torch/_tensor.py", line 647, in backward
    torch.autograd.backward(
  File "/usr/local/lib/python3.12/dist-packages/torch/autograd/__init__.py", line 354, in backward
    _engine_run_backward(
  File "/usr/local/lib/python3.12/dist-packages/torch/autograd/graph.py", line 829, in _engine_run_backward
    return Variable._execution_engine.run_backward(  # Calls into the C++ engine to run the backward pass
           ^^^^^^^^^^^^^^^^^^^^^^^^^^^^^^^^^^^^^^^^^^^^^^^^^^^^^^^^^^^^^^^^^^^^^^^^^^^^^^^^^^^^^^^^^^^^^^
RuntimeError: element 0 of tensors does not require grad and does not have a grad_fn

cuda is not avaiable.

==================================================
Algorithm: PMOE_FedPer
Local batch size: 10
Local epochs: 1
Local learing rate: 0.005
Local learing rate decay: False
Total number of clients: 20
Clients join in each round: 1.0
Clients randomly join: False
Client drop rate: 0.0
Client select regarding time: False
Running times: 1
Dataset: MNIST
Number of classes: 10
Backbone: cnn
Using device: cpu
Using DP: False
Auto break: False
Global rounds: 2000
DLG attack: False
Total number of new clients: 0
Fine tuning epoches on new clients: 0
==================================================

============= Running time: 0th =============
Creating server and clients ...
FedAvgCNN(
  (conv1): Sequential(
    (0): Conv2d(1, 32, kernel_size=(5, 5), stride=(1, 1))
    (1): ReLU(inplace=True)
    (2): MaxPool2d(kernel_size=(2, 2), stride=(2, 2), padding=0, dilation=1, ceil_mode=False)
  )
  (conv2): Sequential(
    (0): Conv2d(32, 64, kernel_size=(5, 5), stride=(1, 1))
    (1): ReLU(inplace=True)
    (2): MaxPool2d(kernel_size=(2, 2), stride=(2, 2), padding=0, dilation=1, ceil_mode=False)
  )
  (fc1): Sequential(
    (0): Linear(in_features=1024, out_features=512, bias=True)
    (1): ReLU(inplace=True)
  )
  (fc): Linear(in_features=512, out_features=10, bias=True)
)

Join ratio / total clients: 1.0 / 20
Finished creating server and clients.

-------------Before evaluate:-------------
Averaged Train Loss: 0.4041
Averaged Test Accurancy: 0.8758
Averaged Test AUC: 0.9871
Std Test Accurancy: 0.0526
Std Test AUC: 0.0080

-------------MOE finetuning:-------------
client 0 start moe finetune !!!!
Traceback (most recent call last):
  File "/content/drive/MyDrive/Colab Notebooks/uni-project/PM-MOE-clean/system/moe_finetune.py", line 623, in <module>
    run(args)
  File "/content/drive/MyDrive/Colab Notebooks/uni-project/PM-MOE-clean/system/moe_finetune.py", line 441, in run
    server.moefinetune()
  File "/content/drive/MyDrive/Colab Notebooks/uni-project/PM-MOE-clean/system/flcore/servers/serverper.py", line 213, in moefinetune
    client.moe_finetune()  # clinet moe finetune
    ^^^^^^^^^^^^^^^^^^^^^
  File "/content/drive/MyDrive/Colab Notebooks/uni-project/PM-MOE-clean/system/flcore/clients/clientper.py", line 172, in moe_finetune
    loss.backward()
  File "/usr/local/lib/python3.12/dist-packages/torch/_tensor.py", line 647, in backward
    torch.autograd.backward(
  File "/usr/local/lib/python3.12/dist-packages/torch/autograd/__init__.py", line 354, in backward
    _engine_run_backward(
  File "/usr/local/lib/python3.12/dist-packages/torch/autograd/graph.py", line 829, in _engine_run_backward
    return Variable._execution_engine.run_backward(  # Calls into the C++ engine to run the backward pass
           ^^^^^^^^^^^^^^^^^^^^^^^^^^^^^^^^^^^^^^^^^^^^^^^^^^^^^^^^^^^^^^^^^^^^^^^^^^^^^^^^^^^^^^^^^^^^^^
RuntimeError: element 0 of tensors does not require grad and does not have a grad_fn

cuda is not avaiable.

==================================================
Algorithm: PMOE_FedPer
Local batch size: 10
Local epochs: 1
Local learing rate: 0.005
Local learing rate decay: False
Total number of clients: 20
Clients join in each round: 1.0
Clients randomly join: False
Client drop rate: 0.0
Client select regarding time: False
Running times: 1
Dataset: MNIST
Number of classes: 10
Backbone: cnn
Using device: cpu
Using DP: False
Auto break: False
Global rounds: 2000
DLG attack: False
Total number of new clients: 0
Fine tuning epoches on new clients: 0
==================================================

============= Running time: 0th =============
Creating server and clients ...
FedAvgCNN(
  (conv1): Sequential(
    (0): Conv2d(1, 32, kernel_size=(5, 5), stride=(1, 1))
    (1): ReLU(inplace=True)
    (2): MaxPool2d(kernel_size=(2, 2), stride=(2, 2), padding=0, dilation=1, ceil_mode=False)
  )
  (conv2): Sequential(
    (0): Conv2d(32, 64, kernel_size=(5, 5), stride=(1, 1))
    (1): ReLU(inplace=True)
    (2): MaxPool2d(kernel_size=(2, 2), stride=(2, 2), padding=0, dilation=1, ceil_mode=False)
  )
  (fc1): Sequential(
    (0): Linear(in_features=1024, out_features=512, bias=True)
    (1): ReLU(inplace=True)
  )
  (fc): Linear(in_features=512, out_features=10, bias=True)
)

Join ratio / total clients: 1.0 / 20
Finished creating server and clients.

-------------Before evaluate:-------------
Averaged Train Loss: 0.4041
Averaged Test Accurancy: 0.8758
Averaged Test AUC: 0.9871
Std Test Accurancy: 0.0526
Std Test AUC: 0.0080

-------------MOE finetuning:-------------
client 0 start moe finetune !!!!
Traceback (most recent call last):
  File "/content/drive/MyDrive/Colab Notebooks/uni-project/PM-MOE-clean/system/moe_finetune.py", line 623, in <module>
    run(args)
  File "/content/drive/MyDrive/Colab Notebooks/uni-project/PM-MOE-clean/system/moe_finetune.py", line 441, in run
    server.moefinetune()
  File "/content/drive/MyDrive/Colab Notebooks/uni-project/PM-MOE-clean/system/flcore/servers/serverper.py", line 213, in moefinetune
    client.moe_finetune()  # clinet moe finetune
    ^^^^^^^^^^^^^^^^^^^^^
  File "/content/drive/MyDrive/Colab Notebooks/uni-project/PM-MOE-clean/system/flcore/clients/clientper.py", line 172, in moe_finetune
    loss.backward()
  File "/usr/local/lib/python3.12/dist-packages/torch/_tensor.py", line 647, in backward
    torch.autograd.backward(
  File "/usr/local/lib/python3.12/dist-packages/torch/autograd/__init__.py", line 354, in backward
    _engine_run_backward(
  File "/usr/local/lib/python3.12/dist-packages/torch/autograd/graph.py", line 829, in _engine_run_backward
    return Variable._execution_engine.run_backward(  # Calls into the C++ engine to run the backward pass
           ^^^^^^^^^^^^^^^^^^^^^^^^^^^^^^^^^^^^^^^^^^^^^^^^^^^^^^^^^^^^^^^^^^^^^^^^^^^^^^^^^^^^^^^^^^^^^^
RuntimeError: element 0 of tensors does not require grad and does not have a grad_fn

cuda is not avaiable.

==================================================
Algorithm: PMOE_FedPer
Local batch size: 10
Local epochs: 1
Local learing rate: 0.005
Local learing rate decay: False
Total number of clients: 20
Clients join in each round: 1.0
Clients randomly join: False
Client drop rate: 0.0
Client select regarding time: False
Running times: 1
Dataset: MNIST
Number of classes: 10
Backbone: cnn
Using device: cpu
Using DP: False
Auto break: False
Global rounds: 2000
DLG attack: False
Total number of new clients: 0
Fine tuning epoches on new clients: 0
==================================================

============= Running time: 0th =============
Creating server and clients ...
FedAvgCNN(
  (conv1): Sequential(
    (0): Conv2d(1, 32, kernel_size=(5, 5), stride=(1, 1))
    (1): ReLU(inplace=True)
    (2): MaxPool2d(kernel_size=(2, 2), stride=(2, 2), padding=0, dilation=1, ceil_mode=False)
  )
  (conv2): Sequential(
    (0): Conv2d(32, 64, kernel_size=(5, 5), stride=(1, 1))
    (1): ReLU(inplace=True)
    (2): MaxPool2d(kernel_size=(2, 2), stride=(2, 2), padding=0, dilation=1, ceil_mode=False)
  )
  (fc1): Sequential(
    (0): Linear(in_features=1024, out_features=512, bias=True)
    (1): ReLU(inplace=True)
  )
  (fc): Linear(in_features=512, out_features=10, bias=True)
)

Join ratio / total clients: 1.0 / 20
Finished creating server and clients.

-------------Before evaluate:-------------
Averaged Train Loss: 0.4041
Averaged Test Accurancy: 0.8758
Averaged Test AUC: 0.9871
Std Test Accurancy: 0.0526
Std Test AUC: 0.0080

-------------MOE finetuning:-------------
client 0 start moe finetune !!!!
Traceback (most recent call last):
  File "/content/drive/MyDrive/Colab Notebooks/uni-project/PM-MOE-clean/system/moe_finetune.py", line 623, in <module>
    run(args)
  File "/content/drive/MyDrive/Colab Notebooks/uni-project/PM-MOE-clean/system/moe_finetune.py", line 441, in run
    server.moefinetune()
  File "/content/drive/MyDrive/Colab Notebooks/uni-project/PM-MOE-clean/system/flcore/servers/serverper.py", line 213, in moefinetune
    client.moe_finetune()  # clinet moe finetune
    ^^^^^^^^^^^^^^^^^^^^^
  File "/content/drive/MyDrive/Colab Notebooks/uni-project/PM-MOE-clean/system/flcore/clients/clientper.py", line 190, in moe_finetune
    assert hasattr(loss, 'backward') and getattr(loss, 'requires_grad', False), 'loss must be a Tensor with grad'
           ^^^^^^^^^^^^^^^^^^^^^^^^^^^^^^^^^^^^^^^^^^^^^^^^^^^^^^^^^^^^^^^^^^^
AssertionError: loss must be a Tensor with grad

cuda is not avaiable.

==================================================
Algorithm: PMOE_FedPer
Local batch size: 10
Local epochs: 1
Local learing rate: 0.005
Local learing rate decay: False
Total number of clients: 20
Clients join in each round: 1.0
Clients randomly join: False
Client drop rate: 0.0
Client select regarding time: False
Running times: 1
Dataset: MNIST
Number of classes: 10
Backbone: cnn
Using device: cpu
Using DP: False
Auto break: False
Global rounds: 2000
DLG attack: False
Total number of new clients: 0
Fine tuning epoches on new clients: 0
==================================================

============= Running time: 0th =============
Creating server and clients ...
FedAvgCNN(
  (conv1): Sequential(
    (0): Conv2d(1, 32, kernel_size=(5, 5), stride=(1, 1))
    (1): ReLU(inplace=True)
    (2): MaxPool2d(kernel_size=(2, 2), stride=(2, 2), padding=0, dilation=1, ceil_mode=False)
  )
  (conv2): Sequential(
    (0): Conv2d(32, 64, kernel_size=(5, 5), stride=(1, 1))
    (1): ReLU(inplace=True)
    (2): MaxPool2d(kernel_size=(2, 2), stride=(2, 2), padding=0, dilation=1, ceil_mode=False)
  )
  (fc1): Sequential(
    (0): Linear(in_features=1024, out_features=512, bias=True)
    (1): ReLU(inplace=True)
  )
  (fc): Linear(in_features=512, out_features=10, bias=True)
)

Join ratio / total clients: 1.0 / 20
Finished creating server and clients.

-------------Before evaluate:-------------
Averaged Train Loss: 0.4041
Averaged Test Accurancy: 0.8758
Averaged Test AUC: 0.9871
Std Test Accurancy: 0.0526
Std Test AUC: 0.0080

-------------MOE finetuning:-------------
client 0 start moe finetune !!!!
Traceback (most recent call last):
  File "/content/drive/MyDrive/Colab Notebooks/uni-project/PM-MOE-clean/system/moe_finetune.py", line 623, in <module>
    run(args)
  File "/content/drive/MyDrive/Colab Notebooks/uni-project/PM-MOE-clean/system/moe_finetune.py", line 441, in run
    server.moefinetune()
  File "/content/drive/MyDrive/Colab Notebooks/uni-project/PM-MOE-clean/system/flcore/servers/serverper.py", line 213, in moefinetune
    client.moe_finetune()  # clinet moe finetune
    ^^^^^^^^^^^^^^^^^^^^^
  File "/content/drive/MyDrive/Colab Notebooks/uni-project/PM-MOE-clean/system/flcore/clients/clientper.py", line 208, in moe_finetune
    assert hasattr(loss, 'backward') and getattr(loss, 'requires_grad', False), 'loss must be a Tensor with grad'
           ^^^^^^^^^^^^^^^^^^^^^^^^^^^^^^^^^^^^^^^^^^^^^^^^^^^^^^^^^^^^^^^^^^^
AssertionError: loss must be a Tensor with grad
Traceback (most recent call last):
  File "/content/drive/MyDrive/Colab Notebooks/uni-project/PM-MOE-clean/system/moe_finetune.py", line 22, in <module>
    from flcore.servers.serverper import FedPer, PMOE_FedPer
  File "/content/drive/MyDrive/Colab Notebooks/uni-project/PM-MOE-clean/system/flcore/servers/serverper.py", line 20, in <module>
    from flcore.clients.clientper import clientPer, PMOE_clientPer
  File "/content/drive/MyDrive/Colab Notebooks/uni-project/PM-MOE-clean/system/flcore/clients/clientper.py", line 21, in <module>
    from flcore.trainmodel.moe.moe import ToPMoE
  File "/content/drive/MyDrive/Colab Notebooks/uni-project/PM-MOE-clean/system/flcore/trainmodel/moe/moe.py", line 66
    p k moe
           ^
IndentationError: unindent does not match any outer indentation level
Traceback (most recent call last):
  File "/content/drive/MyDrive/Colab Notebooks/uni-project/PM-MOE-clean/system/moe_finetune.py", line 22, in <module>
    from flcore.servers.serverper import FedPer, PMOE_FedPer
  File "/content/drive/MyDrive/Colab Notebooks/uni-project/PM-MOE-clean/system/flcore/servers/serverper.py", line 20, in <module>
    from flcore.clients.clientper import clientPer, PMOE_clientPer
  File "/content/drive/MyDrive/Colab Notebooks/uni-project/PM-MOE-clean/system/flcore/clients/clientper.py", line 21, in <module>
    from flcore.trainmodel.moe.moe import ToPMoE
  File "/content/drive/MyDrive/Colab Notebooks/uni-project/PM-MOE-clean/system/flcore/trainmodel/moe/moe.py", line 66
    p k moe
      ^
SyntaxError: invalid syntax
Traceback (most recent call last):
  File "/content/drive/MyDrive/Colab Notebooks/uni-project/PM-MOE-clean/system/moe_finetune.py", line 22, in <module>
    from flcore.servers.serverper import FedPer, PMOE_FedPer
  File "/content/drive/MyDrive/Colab Notebooks/uni-project/PM-MOE-clean/system/flcore/servers/serverper.py", line 20, in <module>
    from flcore.clients.clientper import clientPer, PMOE_clientPer
  File "/content/drive/MyDrive/Colab Notebooks/uni-project/PM-MOE-clean/system/flcore/clients/clientper.py", line 21, in <module>
    from flcore.trainmodel.moe.moe import ToPMoE
  File "/content/drive/MyDrive/Colab Notebooks/uni-project/PM-MOE-clean/system/flcore/trainmodel/moe/moe.py", line 66
    p k moe
      ^
SyntaxError: invalid syntax
Traceback (most recent call last):
  File "/content/drive/MyDrive/Colab Notebooks/uni-project/PM-MOE-clean/system/moe_finetune.py", line 22, in <module>
    from flcore.servers.serverper import FedPer, PMOE_FedPer
  File "/content/drive/MyDrive/Colab Notebooks/uni-project/PM-MOE-clean/system/flcore/servers/serverper.py", line 20, in <module>
    from flcore.clients.clientper import clientPer, PMOE_clientPer
  File "/content/drive/MyDrive/Colab Notebooks/uni-project/PM-MOE-clean/system/flcore/clients/clientper.py", line 21, in <module>
    from flcore.trainmodel.moe.moe import ToPMoE
  File "/content/drive/MyDrive/Colab Notebooks/uni-project/PM-MOE-clean/system/flcore/trainmodel/moe/moe.py", line 66
    s ToPMoE(nn.Module):
      ^^^^^^
SyntaxError: invalid syntax

cuda is not avaiable.

==================================================
Algorithm: PMOE_FedPer
Local batch size: 10
Local epochs: 1
Local learing rate: 0.005
Local learing rate decay: False
Total number of clients: 20
Clients join in each round: 1.0
Clients randomly join: False
Client drop rate: 0.0
Client select regarding time: False
Running times: 1
Dataset: MNIST
Number of classes: 10
Backbone: cnn
Using device: cpu
Using DP: False
Auto break: False
Global rounds: 2000
DLG attack: False
Total number of new clients: 0
Fine tuning epoches on new clients: 0
==================================================

============= Running time: 0th =============
Creating server and clients ...
FedAvgCNN(
  (conv1): Sequential(
    (0): Conv2d(1, 32, kernel_size=(5, 5), stride=(1, 1))
    (1): ReLU(inplace=True)
    (2): MaxPool2d(kernel_size=(2, 2), stride=(2, 2), padding=0, dilation=1, ceil_mode=False)
  )
  (conv2): Sequential(
    (0): Conv2d(32, 64, kernel_size=(5, 5), stride=(1, 1))
    (1): ReLU(inplace=True)
    (2): MaxPool2d(kernel_size=(2, 2), stride=(2, 2), padding=0, dilation=1, ceil_mode=False)
  )
  (fc1): Sequential(
    (0): Linear(in_features=1024, out_features=512, bias=True)
    (1): ReLU(inplace=True)
  )
  (fc): Linear(in_features=512, out_features=10, bias=True)
)

Join ratio / total clients: 1.0 / 20
Finished creating server and clients.

-------------Before evaluate:-------------
Averaged Train Loss: 0.4041
Averaged Test Accurancy: 0.8758
Averaged Test AUC: 0.9871
Std Test Accurancy: 0.0526
Std Test AUC: 0.0080

-------------MOE finetuning:-------------
client 0 start moe finetune !!!!
Traceback (most recent call last):
  File "/content/drive/MyDrive/Colab Notebooks/uni-project/PM-MOE-clean/system/moe_finetune.py", line 623, in <module>
    run(args)
  File "/content/drive/MyDrive/Colab Notebooks/uni-project/PM-MOE-clean/system/moe_finetune.py", line 441, in run
    server.moefinetune()
  File "/content/drive/MyDrive/Colab Notebooks/uni-project/PM-MOE-clean/system/flcore/servers/serverper.py", line 213, in moefinetune
    client.moe_finetune()  # clinet moe finetune
    ^^^^^^^^^^^^^^^^^^^^^
  File "/content/drive/MyDrive/Colab Notebooks/uni-project/PM-MOE-clean/system/flcore/clients/clientper.py", line 236, in moe_finetune
    assert hasattr(loss, 'backward') and getattr(loss, 'requires_grad', False), 'loss must be a Tensor with grad'
           ^^^^^^^^^^^^^^^^^^^^^^^^^^^^^^^^^^^^^^^^^^^^^^^^^^^^^^^^^^^^^^^^^^^
AssertionError: loss must be a Tensor with grad

cuda is not avaiable.

==================================================
Algorithm: PMOE_FedPer
Local batch size: 10
Local epochs: 1
Local learing rate: 0.005
Local learing rate decay: False
Total number of clients: 20
Clients join in each round: 1.0
Clients randomly join: False
Client drop rate: 0.0
Client select regarding time: False
Running times: 1
Dataset: MNIST
Number of classes: 10
Backbone: cnn
Using device: cpu
Using DP: False
Auto break: False
Global rounds: 2000
DLG attack: False
Total number of new clients: 0
Fine tuning epoches on new clients: 0
==================================================

============= Running time: 0th =============
Creating server and clients ...
FedAvgCNN(
  (conv1): Sequential(
    (0): Conv2d(1, 32, kernel_size=(5, 5), stride=(1, 1))
    (1): ReLU(inplace=True)
    (2): MaxPool2d(kernel_size=(2, 2), stride=(2, 2), padding=0, dilation=1, ceil_mode=False)
  )
  (conv2): Sequential(
    (0): Conv2d(32, 64, kernel_size=(5, 5), stride=(1, 1))
    (1): ReLU(inplace=True)
    (2): MaxPool2d(kernel_size=(2, 2), stride=(2, 2), padding=0, dilation=1, ceil_mode=False)
  )
  (fc1): Sequential(
    (0): Linear(in_features=1024, out_features=512, bias=True)
    (1): ReLU(inplace=True)
  )
  (fc): Linear(in_features=512, out_features=10, bias=True)
)

Join ratio / total clients: 1.0 / 20
Finished creating server and clients.

-------------Before evaluate:-------------
Averaged Train Loss: 0.4041
Averaged Test Accurancy: 0.8758
Averaged Test AUC: 0.9871
Std Test Accurancy: 0.0526
Std Test AUC: 0.0080

-------------MOE finetuning:-------------
client 0 start moe finetune !!!!
DBG finetune: loss.req True any_trainable True any_moe True n_trn 8
Averaged Train Loss: 0.4853
Averaged Test Accurancy: 0.8293
Averaged Test AUC: 0.9812
Std Test Accurancy: 0.0925
Std Test AUC: 0.0124
client 1 start moe finetune !!!!
DBG finetune: loss.req True any_trainable True any_moe True n_trn 8
Averaged Train Loss: 0.4856
Averaged Test Accurancy: 0.8293
Averaged Test AUC: 0.9812
Std Test Accurancy: 0.0926
Std Test AUC: 0.0124
client 2 start moe finetune !!!!
DBG finetune: loss.req True any_trainable True any_moe True n_trn 8
Averaged Train Loss: 0.4983
Averaged Test Accurancy: 0.8265
Averaged Test AUC: 0.9803
Std Test Accurancy: 0.0957
Std Test AUC: 0.0140
client 3 start moe finetune !!!!
DBG finetune: loss.req True any_trainable True any_moe True n_trn 8
Averaged Train Loss: 0.5403
Averaged Test Accurancy: 0.8190
Averaged Test AUC: 0.9788
Std Test Accurancy: 0.0969
Std Test AUC: 0.0147
client 4 start moe finetune !!!!
DBG finetune: loss.req True any_trainable True any_moe True n_trn 8
Averaged Train Loss: 0.5399
Averaged Test Accurancy: 0.8201
Averaged Test AUC: 0.9787
Std Test Accurancy: 0.0977
Std Test AUC: 0.0147
client 5 start moe finetune !!!!
DBG finetune: loss.req True any_trainable True any_moe True n_trn 8
Averaged Train Loss: 0.5915
Averaged Test Accurancy: 0.8133
Averaged Test AUC: 0.9769
Std Test Accurancy: 0.0952
Std Test AUC: 0.0145
client 6 start moe finetune !!!!
DBG finetune: loss.req True any_trainable True any_moe True n_trn 8
Averaged Train Loss: 0.5983
Averaged Test Accurancy: 0.8107
Averaged Test AUC: 0.9763
Std Test Accurancy: 0.0973
Std Test AUC: 0.0151
client 7 start moe finetune !!!!
DBG finetune: loss.req True any_trainable True any_moe True n_trn 8
Averaged Train Loss: 0.6027
Averaged Test Accurancy: 0.8090
Averaged Test AUC: 0.9759
Std Test Accurancy: 0.0986
Std Test AUC: 0.0154
client 8 start moe finetune !!!!
DBG finetune: loss.req True any_trainable True any_moe True n_trn 8
Averaged Train Loss: 0.6172
Averaged Test Accurancy: 0.8092
Averaged Test AUC: 0.9757
Std Test Accurancy: 0.0987
Std Test AUC: 0.0153
client 9 start moe finetune !!!!
DBG finetune: loss.req True any_trainable True any_moe True n_trn 8
Averaged Train Loss: 0.6447
Averaged Test Accurancy: 0.8079
Averaged Test AUC: 0.9752
Std Test Accurancy: 0.0980
Std Test AUC: 0.0150
client 10 start moe finetune !!!!
DBG finetune: loss.req True any_trainable True any_moe True n_trn 8
Averaged Train Loss: 0.6447
Averaged Test Accurancy: 0.8079
Averaged Test AUC: 0.9752
Std Test Accurancy: 0.0980
Std Test AUC: 0.0150
client 11 start moe finetune !!!!
DBG finetune: loss.req True any_trainable True any_moe True n_trn 8
Averaged Train Loss: 0.6978
Averaged Test Accurancy: 0.7951
Averaged Test AUC: 0.9721
Std Test Accurancy: 0.0975
Std Test AUC: 0.0153
client 12 start moe finetune !!!!
DBG finetune: loss.req True any_trainable True any_moe True n_trn 8
Averaged Train Loss: 0.7083
Averaged Test Accurancy: 0.7936
Averaged Test AUC: 0.9720
Std Test Accurancy: 0.0969
Std Test AUC: 0.0152
client 13 start moe finetune !!!!
DBG finetune: loss.req True any_trainable True any_moe True n_trn 8
Averaged Train Loss: 0.7633
Averaged Test Accurancy: 0.7770
Averaged Test AUC: 0.9678
Std Test Accurancy: 0.1022
Std Test AUC: 0.0178
client 14 start moe finetune !!!!
DBG finetune: loss.req True any_trainable True any_moe True n_trn 8
Averaged Train Loss: 0.7833
Averaged Test Accurancy: 0.7740
Averaged Test AUC: 0.9673
Std Test Accurancy: 0.0999
Std Test AUC: 0.0174
client 15 start moe finetune !!!!
DBG finetune: loss.req True any_trainable True any_moe True n_trn 8
Averaged Train Loss: 0.7887
Averaged Test Accurancy: 0.7722
Averaged Test AUC: 0.9669
Std Test Accurancy: 0.0978
Std Test AUC: 0.0169
client 16 start moe finetune !!!!
DBG finetune: loss.req True any_trainable True any_moe True n_trn 8
Averaged Train Loss: 0.7945
Averaged Test Accurancy: 0.7680
Averaged Test AUC: 0.9659
Std Test Accurancy: 0.1193
Std Test AUC: 0.0220
client 17 start moe finetune !!!!
DBG finetune: loss.req True any_trainable True any_moe True n_trn 8
Averaged Train Loss: 0.7931
Averaged Test Accurancy: 0.7692
Averaged Test AUC: 0.9660
Std Test Accurancy: 0.1197
Std Test AUC: 0.0220
client 18 start moe finetune !!!!
DBG finetune: loss.req True any_trainable True any_moe True n_trn 8
Averaged Train Loss: 0.8246
Averaged Test Accurancy: 0.7559
Averaged Test AUC: 0.9631
Std Test Accurancy: 0.1356
Std Test AUC: 0.0260
client 19 start moe finetune !!!!
DBG finetune: loss.req True any_trainable True any_moe True n_trn 8
Averaged Train Loss: 0.8301
Averaged Test Accurancy: 0.7565
Averaged Test AUC: 0.9630
Std Test Accurancy: 0.1359
Std Test AUC: 0.0260
self.rs_test_acc= [0.8758281928261367, 0.8292780443225953, 0.8293351610692254, 0.82653644048435, 0.8189970299291752, 0.8200822481151474, 0.8133424720127942, 0.810715101667809, 0.8090015992689057, 0.809230066255426, 0.8078592643363034, 0.8078592643363034, 0.7951222298377885, 0.7935800776787754, 0.7769591044094128, 0.7740461503312771, 0.7722184144391135, 0.7680488919351154, 0.7691912268677176, 0.7558830249029015, 0.7565113091158328]
self.rs_test_auc= [np.float64(0.9871353649050245), np.float64(0.9811911607115649), np.float64(0.9811534763513993), np.float64(0.9803407884614995), np.float64(0.9787859641805994), np.float64(0.9787459787357852), np.float64(0.976937633756516), np.float64(0.9763278073791205), np.float64(0.9759408025046792), np.float64(0.9757147145268433), np.float64(0.9751680295351526), np.float64(0.9751683330847887), np.float64(0.9720955434644208), np.float64(0.9719755826164199), np.float64(0.967784278903665), np.float64(0.9673429477251302), np.float64(0.9668857195082242), np.float64(0.9659028558340194), np.float64(0.9659773131891726), np.float64(0.9630766483128528), np.float64(0.9630304389928973)]
self.rs_train_loss= [0.4040647551607584, 0.4853215304193865, 0.48556945206189295, 0.49830806156504215, 0.5402566515855256, 0.5398770993942588, 0.5914747883248365, 0.5983042011781559, 0.6026821986995974, 0.6171967168719241, 0.6446754301076986, 0.644694647245823, 0.6977898496340716, 0.7082981316902143, 0.7633389156824787, 0.7832900146078657, 0.7887185857008014, 0.7945444496093582, 0.793067140388458, 0.8245538875594306, 0.8301240787660946]

Best global accuracy.
0.8758281928261367

Best global auc.
0.9871353649050245

Average time cost per round.
1578.3110210895538

Average time cost: 1580.98s.

if the model file saved, please concern this result:
Length:  4
std for best accurancy: 0.0
mean for best accurancy: 0.8758281928261367
All done!

Storage on cpu
-------------------------------------------------------------------------------
Total Tensors: 34541802 	Used Memory: 121.79M
-------------------------------------------------------------------------------
